ARM GAS  /tmp/ccZM8ZH5.s 			page 1


   1              		.cpu cortex-m7
   2              		.arch armv7e-m
   3              		.fpu fpv5-d16
   4              		.eabi_attribute 28, 1
   5              		.eabi_attribute 20, 1
   6              		.eabi_attribute 21, 1
   7              		.eabi_attribute 23, 3
   8              		.eabi_attribute 24, 1
   9              		.eabi_attribute 25, 1
  10              		.eabi_attribute 26, 1
  11              		.eabi_attribute 30, 2
  12              		.eabi_attribute 34, 1
  13              		.eabi_attribute 18, 4
  14              		.file	"oscillator.cpp"
  15              		.text
  16              	.Ltext0:
  17              		.cfi_sections	.debug_frame
  18              		.file 1 "oscillator.cpp"
  19              		.section	.text._ZN7daisysp10OscillatorD2Ev,"axG",%progbits,_ZN7daisysp10OscillatorD5Ev,comdat
  20              		.align	1
  21              		.p2align 2,,3
  22              		.weak	_ZN7daisysp10OscillatorD2Ev
  23              		.syntax unified
  24              		.thumb
  25              		.thumb_func
  27              	_ZN7daisysp10OscillatorD2Ev:
  28              	.LVL0:
  29              	.LFB2834:
  30              		.file 2 "../DaisySP/Source/Synthesis/oscillator.h"
   1:../DaisySP/Source/Synthesis/oscillator.h **** /*
   2:../DaisySP/Source/Synthesis/oscillator.h **** Copyright (c) 2020 Electrosmith, Corp
   3:../DaisySP/Source/Synthesis/oscillator.h **** 
   4:../DaisySP/Source/Synthesis/oscillator.h **** Use of this source code is governed by an MIT-style
   5:../DaisySP/Source/Synthesis/oscillator.h **** license that can be found in the LICENSE file or at
   6:../DaisySP/Source/Synthesis/oscillator.h **** https://opensource.org/licenses/MIT.
   7:../DaisySP/Source/Synthesis/oscillator.h **** */
   8:../DaisySP/Source/Synthesis/oscillator.h **** 
   9:../DaisySP/Source/Synthesis/oscillator.h **** #pragma once
  10:../DaisySP/Source/Synthesis/oscillator.h **** #ifndef DSY_OSCILLATOR_H
  11:../DaisySP/Source/Synthesis/oscillator.h **** #define DSY_OSCILLATOR_H
  12:../DaisySP/Source/Synthesis/oscillator.h **** #include <stdint.h>
  13:../DaisySP/Source/Synthesis/oscillator.h **** #include "Utility/dsp.h"
  14:../DaisySP/Source/Synthesis/oscillator.h **** #ifdef __cplusplus
  15:../DaisySP/Source/Synthesis/oscillator.h **** 
  16:../DaisySP/Source/Synthesis/oscillator.h **** namespace daisysp
  17:../DaisySP/Source/Synthesis/oscillator.h **** {
  18:../DaisySP/Source/Synthesis/oscillator.h **** /** Synthesis of several waveforms, including polyBLEP bandlimited waveforms.
  19:../DaisySP/Source/Synthesis/oscillator.h **** */
  20:../DaisySP/Source/Synthesis/oscillator.h **** class Oscillator
  21:../DaisySP/Source/Synthesis/oscillator.h **** {
  22:../DaisySP/Source/Synthesis/oscillator.h ****   public:
  23:../DaisySP/Source/Synthesis/oscillator.h ****     Oscillator() {}
  24:../DaisySP/Source/Synthesis/oscillator.h ****     ~Oscillator() {}
  31              		.loc 2 24 5 view -0
  32              		.cfi_startproc
  33              		@ args = 0, pretend = 0, frame = 0
  34              		@ frame_needed = 0, uses_anonymous_args = 0
ARM GAS  /tmp/ccZM8ZH5.s 			page 2


  35              		@ link register save eliminated.
  36              		.loc 2 24 20 is_stmt 0 view .LVU1
  37 0000 7047     		bx	lr
  38              		.cfi_endproc
  39              	.LFE2834:
  41              		.weak	_ZN7daisysp10OscillatorD1Ev
  42              		.thumb_set _ZN7daisysp10OscillatorD1Ev,_ZN7daisysp10OscillatorD2Ev
  43 0002 00BF     		.section	.text._ZN5daisy9DaisySeedD2Ev,"axG",%progbits,_ZN5daisy9DaisySeedD5Ev,comdat
  44              		.align	1
  45              		.p2align 2,,3
  46              		.weak	_ZN5daisy9DaisySeedD2Ev
  47              		.syntax unified
  48              		.thumb
  49              		.thumb_func
  51              	_ZN5daisy9DaisySeedD2Ev:
  52              	.LVL1:
  53              	.LFB4664:
  54              		.file 3 "../libDaisy/src/daisy_seed.h"
   1:../libDaisy/src/daisy_seed.h **** #pragma once
   2:../libDaisy/src/daisy_seed.h **** #ifndef DSY_SEED_H
   3:../libDaisy/src/daisy_seed.h **** #define DSY_SEED_H
   4:../libDaisy/src/daisy_seed.h **** 
   5:../libDaisy/src/daisy_seed.h **** #include "daisy.h"
   6:../libDaisy/src/daisy_seed.h **** 
   7:../libDaisy/src/daisy_seed.h **** //Uncomment this out if you're still using the rev2 hardware
   8:../libDaisy/src/daisy_seed.h **** //#define SEED_REV2
   9:../libDaisy/src/daisy_seed.h **** 
  10:../libDaisy/src/daisy_seed.h **** namespace daisy
  11:../libDaisy/src/daisy_seed.h **** {
  12:../libDaisy/src/daisy_seed.h **** /**
  13:../libDaisy/src/daisy_seed.h ****    @brief This is the higher-level interface for the Daisy board. \n 
  14:../libDaisy/src/daisy_seed.h ****     All basic peripheral configuration/initialization is setup here. \n
  15:../libDaisy/src/daisy_seed.h **** 
  16:../libDaisy/src/daisy_seed.h ****    @ingroup boards
  17:../libDaisy/src/daisy_seed.h **** */
  18:../libDaisy/src/daisy_seed.h **** class DaisySeed
  19:../libDaisy/src/daisy_seed.h **** {
  20:../libDaisy/src/daisy_seed.h ****   public:
  21:../libDaisy/src/daisy_seed.h ****     DaisySeed() {}
  22:../libDaisy/src/daisy_seed.h ****     ~DaisySeed() {}
  55              		.loc 3 22 5 is_stmt 1 view -0
  56              		.cfi_startproc
  57              		@ args = 0, pretend = 0, frame = 0
  58              		@ frame_needed = 0, uses_anonymous_args = 0
  59              		@ link register save eliminated.
  60              	.LBB62:
  61              	.LBI62:
  62              		.file 4 "../libDaisy/src/sys/system.h"
   1:../libDaisy/src/sys/system.h **** #ifndef DSY_SYSTEM_H
   2:../libDaisy/src/sys/system.h **** #define DSY_SYSTEM_H
   3:../libDaisy/src/sys/system.h **** 
   4:../libDaisy/src/sys/system.h **** #ifndef UNIT_TEST // for unit tests, a dummy implementation is provided below
   5:../libDaisy/src/sys/system.h **** 
   6:../libDaisy/src/sys/system.h **** #include <cstdint>
   7:../libDaisy/src/sys/system.h **** #include "per/tim.h"
   8:../libDaisy/src/sys/system.h **** 
   9:../libDaisy/src/sys/system.h **** namespace daisy
ARM GAS  /tmp/ccZM8ZH5.s 			page 3


  10:../libDaisy/src/sys/system.h **** {
  11:../libDaisy/src/sys/system.h **** /** A handle for interacting with the Core System.
  12:../libDaisy/src/sys/system.h ****  ** This includes the Clock tree, MPU, global DMA initialization,
  13:../libDaisy/src/sys/system.h ****  ** cache handling, and any other necessary global initiailzation
  14:../libDaisy/src/sys/system.h ****  **
  15:../libDaisy/src/sys/system.h ****  ** @author shensley
  16:../libDaisy/src/sys/system.h ****  ** @ingroup system
  17:../libDaisy/src/sys/system.h ****  */
  18:../libDaisy/src/sys/system.h **** class System
  19:../libDaisy/src/sys/system.h **** {
  20:../libDaisy/src/sys/system.h ****   public:
  21:../libDaisy/src/sys/system.h ****     /** Contains settings for initializing the System */
  22:../libDaisy/src/sys/system.h ****     struct Config
  23:../libDaisy/src/sys/system.h ****     {
  24:../libDaisy/src/sys/system.h ****         /** Specifies the system clock frequency that feeds APB/AHB clocks, etc. */
  25:../libDaisy/src/sys/system.h ****         enum class SysClkFreq
  26:../libDaisy/src/sys/system.h ****         {
  27:../libDaisy/src/sys/system.h ****             FREQ_400MHZ,
  28:../libDaisy/src/sys/system.h ****             FREQ_480MHZ,
  29:../libDaisy/src/sys/system.h ****         };
  30:../libDaisy/src/sys/system.h **** 
  31:../libDaisy/src/sys/system.h ****         /** Method to call on the struct to set to defaults
  32:../libDaisy/src/sys/system.h ****          ** CPU Freq set to 400MHz
  33:../libDaisy/src/sys/system.h ****          ** Cache Enabled
  34:../libDaisy/src/sys/system.h ****          ** */
  35:../libDaisy/src/sys/system.h ****         void Defaults()
  36:../libDaisy/src/sys/system.h ****         {
  37:../libDaisy/src/sys/system.h ****             cpu_freq    = SysClkFreq::FREQ_400MHZ;
  38:../libDaisy/src/sys/system.h ****             use_dcache  = true;
  39:../libDaisy/src/sys/system.h ****             use_icache  = true;
  40:../libDaisy/src/sys/system.h ****             skip_clocks = false;
  41:../libDaisy/src/sys/system.h ****         }
  42:../libDaisy/src/sys/system.h **** 
  43:../libDaisy/src/sys/system.h ****         /** Method to call on the struct to set to boost mode:
  44:../libDaisy/src/sys/system.h ****          ** CPU Freq set to 480MHz
  45:../libDaisy/src/sys/system.h ****          ** Cache Enabled
  46:../libDaisy/src/sys/system.h ****          ** */
  47:../libDaisy/src/sys/system.h ****         void Boost()
  48:../libDaisy/src/sys/system.h ****         {
  49:../libDaisy/src/sys/system.h ****             cpu_freq    = SysClkFreq::FREQ_480MHZ;
  50:../libDaisy/src/sys/system.h ****             use_dcache  = true;
  51:../libDaisy/src/sys/system.h ****             use_icache  = true;
  52:../libDaisy/src/sys/system.h ****             skip_clocks = false;
  53:../libDaisy/src/sys/system.h ****         }
  54:../libDaisy/src/sys/system.h **** 
  55:../libDaisy/src/sys/system.h ****         SysClkFreq cpu_freq;
  56:../libDaisy/src/sys/system.h ****         bool       use_dcache;
  57:../libDaisy/src/sys/system.h ****         bool       use_icache;
  58:../libDaisy/src/sys/system.h ****         bool       skip_clocks;
  59:../libDaisy/src/sys/system.h ****     };
  60:../libDaisy/src/sys/system.h **** 
  61:../libDaisy/src/sys/system.h ****     /** Describes the different regions of memory available to the Daisy */
  62:../libDaisy/src/sys/system.h ****     enum MemoryRegion
  63:../libDaisy/src/sys/system.h ****     {
  64:../libDaisy/src/sys/system.h ****         INTERNAL_FLASH = 0,
  65:../libDaisy/src/sys/system.h ****         ITCMRAM,
  66:../libDaisy/src/sys/system.h ****         DTCMRAM,
ARM GAS  /tmp/ccZM8ZH5.s 			page 4


  67:../libDaisy/src/sys/system.h ****         SRAM_D1,
  68:../libDaisy/src/sys/system.h ****         SRAM_D2,
  69:../libDaisy/src/sys/system.h ****         SRAM_D3,
  70:../libDaisy/src/sys/system.h ****         SDRAM,
  71:../libDaisy/src/sys/system.h ****         QSPI,
  72:../libDaisy/src/sys/system.h ****         INVALID_ADDRESS,
  73:../libDaisy/src/sys/system.h ****     };
  74:../libDaisy/src/sys/system.h **** 
  75:../libDaisy/src/sys/system.h ****     /** Bootloader struct for controlling bootloading parameters */
  76:../libDaisy/src/sys/system.h ****     struct BootInfo
  77:../libDaisy/src/sys/system.h ****     {
  78:../libDaisy/src/sys/system.h ****         enum class Type : uint32_t
  79:../libDaisy/src/sys/system.h ****         {
  80:../libDaisy/src/sys/system.h ****             INVALID      = 0x00000000,
  81:../libDaisy/src/sys/system.h ****             JUMP         = 0xDEADBEEF,
  82:../libDaisy/src/sys/system.h ****             SKIP_TIMEOUT = 0x5AFEB007,
  83:../libDaisy/src/sys/system.h ****             INF_TIMEOUT  = 0xB0074EFA,
  84:../libDaisy/src/sys/system.h ****         } status;
  85:../libDaisy/src/sys/system.h ****         uint32_t data;
  86:../libDaisy/src/sys/system.h ****         enum class Version : uint32_t
  87:../libDaisy/src/sys/system.h ****         {
  88:../libDaisy/src/sys/system.h ****             LT_v6_0 = 0, // Less than v6.0
  89:../libDaisy/src/sys/system.h ****             NONE,        // No bootloader present
  90:../libDaisy/src/sys/system.h ****             v6_0,        // v6.0
  91:../libDaisy/src/sys/system.h ****             v6_1,        // v6.1 or greater
  92:../libDaisy/src/sys/system.h ****             LAST
  93:../libDaisy/src/sys/system.h ****         } version;
  94:../libDaisy/src/sys/system.h ****     };
  95:../libDaisy/src/sys/system.h **** 
  96:../libDaisy/src/sys/system.h ****     System() {}
  97:../libDaisy/src/sys/system.h ****     ~System() {}
  63              		.loc 4 97 5 view .LVU3
  64              		.loc 4 97 5 is_stmt 0 view .LVU4
  65              	.LBE62:
  66              	.LBB63:
  67              	.LBI63:
  68              		.file 5 "../libDaisy/src/hid/usb.h"
   1:../libDaisy/src/hid/usb.h **** #pragma once
   2:../libDaisy/src/hid/usb.h **** #ifndef DSY_HID_USB_H
   3:../libDaisy/src/hid/usb.h **** #define DSY_HID_USB_H
   4:../libDaisy/src/hid/usb.h **** #include <stdint.h>
   5:../libDaisy/src/hid/usb.h **** #include <stdlib.h>
   6:../libDaisy/src/hid/usb.h **** 
   7:../libDaisy/src/hid/usb.h **** namespace daisy
   8:../libDaisy/src/hid/usb.h **** /** @addtogroup human_interface
   9:../libDaisy/src/hid/usb.h ****     @{
  10:../libDaisy/src/hid/usb.h **** */
  11:../libDaisy/src/hid/usb.h **** 
  12:../libDaisy/src/hid/usb.h **** {
  13:../libDaisy/src/hid/usb.h **** /** 
  14:../libDaisy/src/hid/usb.h ****     @brief Interface for initializing and using the USB Peripherals on the daisy
  15:../libDaisy/src/hid/usb.h ****     @author Stephen Hensley
  16:../libDaisy/src/hid/usb.h ****     @date December 2019
  17:../libDaisy/src/hid/usb.h **** */
  18:../libDaisy/src/hid/usb.h **** class UsbHandle
  19:../libDaisy/src/hid/usb.h **** {
  20:../libDaisy/src/hid/usb.h ****   public:
ARM GAS  /tmp/ccZM8ZH5.s 			page 5


  21:../libDaisy/src/hid/usb.h ****     /** Return values for USBHandle Functions */
  22:../libDaisy/src/hid/usb.h ****     enum class Result
  23:../libDaisy/src/hid/usb.h ****     {
  24:../libDaisy/src/hid/usb.h ****         OK,
  25:../libDaisy/src/hid/usb.h ****         ERR,
  26:../libDaisy/src/hid/usb.h ****     };
  27:../libDaisy/src/hid/usb.h **** 
  28:../libDaisy/src/hid/usb.h ****     /** Specified which of the two USB Peripherals to initialize. */
  29:../libDaisy/src/hid/usb.h ****     enum UsbPeriph
  30:../libDaisy/src/hid/usb.h ****     {
  31:../libDaisy/src/hid/usb.h ****         FS_INTERNAL, /**< Internal pin */
  32:../libDaisy/src/hid/usb.h ****         FS_EXTERNAL, /**< FS External D+ pin is Pin 38 (GPIO32). FS External D- pin is Pin 37 (GPIO
  33:../libDaisy/src/hid/usb.h ****         FS_BOTH,     /**< Both */
  34:../libDaisy/src/hid/usb.h ****     };
  35:../libDaisy/src/hid/usb.h **** 
  36:../libDaisy/src/hid/usb.h **** 
  37:../libDaisy/src/hid/usb.h ****     /** Function called upon reception of a buffer */
  38:../libDaisy/src/hid/usb.h ****     typedef void (*ReceiveCallback)(uint8_t* buff, uint32_t* len);
  39:../libDaisy/src/hid/usb.h **** 
  40:../libDaisy/src/hid/usb.h ****     UsbHandle() {}
  41:../libDaisy/src/hid/usb.h **** 
  42:../libDaisy/src/hid/usb.h ****     ~UsbHandle() {}
  69              		.loc 5 42 5 is_stmt 1 view .LVU5
  70              		.loc 5 42 5 is_stmt 0 view .LVU6
  71              	.LBE63:
  72              	.LBB64:
  73              	.LBI64:
  74              		.file 6 "../libDaisy/src/per/adc.h"
   1:../libDaisy/src/per/adc.h **** #pragma once
   2:../libDaisy/src/per/adc.h **** #ifndef DSY_ADC_H
   3:../libDaisy/src/per/adc.h **** #define DSY_ADC_H /**< Macro */
   4:../libDaisy/src/per/adc.h **** #include <stdint.h>
   5:../libDaisy/src/per/adc.h **** #include <stdlib.h>
   6:../libDaisy/src/per/adc.h **** #include "daisy_core.h"
   7:../libDaisy/src/per/adc.h **** #include "per/gpio.h"
   8:../libDaisy/src/per/adc.h **** 
   9:../libDaisy/src/per/adc.h **** #define DSY_ADC_MAX_CHANNELS 16 /**< Maximum number of ADC channels */
  10:../libDaisy/src/per/adc.h **** 
  11:../libDaisy/src/per/adc.h **** namespace daisy
  12:../libDaisy/src/per/adc.h **** {
  13:../libDaisy/src/per/adc.h **** /** @addtogroup per_analog
  14:../libDaisy/src/per/adc.h ****     @{
  15:../libDaisy/src/per/adc.h **** */
  16:../libDaisy/src/per/adc.h **** 
  17:../libDaisy/src/per/adc.h **** /* While there may not be many configuration options here,
  18:../libDaisy/src/per/adc.h **** using a struct like this allows us to add more configuration
  19:../libDaisy/src/per/adc.h **** later without breaking existing functionality.
  20:../libDaisy/src/per/adc.h **** */
  21:../libDaisy/src/per/adc.h **** 
  22:../libDaisy/src/per/adc.h **** /** @brief   Configuration Structure for an ADC Channel 
  23:../libDaisy/src/per/adc.h ****  *  @details This can be used to configure a a single input, 
  24:../libDaisy/src/per/adc.h ****  *           or a multiplexed input, allowing up to 8 inputs on 
  25:../libDaisy/src/per/adc.h ****  *           one channel.
  26:../libDaisy/src/per/adc.h ****  *  @note    Sharing data lines to multiple muxes _is_ possible, but
  27:../libDaisy/src/per/adc.h ****  *           each channel sharing data lines must be set to the maximum
  28:../libDaisy/src/per/adc.h ****  *           number of channels, even if some multiplexers have fewer
  29:../libDaisy/src/per/adc.h ****  *           inputs connected.
ARM GAS  /tmp/ccZM8ZH5.s 			page 6


  30:../libDaisy/src/per/adc.h **** */
  31:../libDaisy/src/per/adc.h **** struct AdcChannelConfig
  32:../libDaisy/src/per/adc.h **** {
  33:../libDaisy/src/per/adc.h ****     /** Which pin to use for multiplexing */
  34:../libDaisy/src/per/adc.h ****     enum MuxPin
  35:../libDaisy/src/per/adc.h ****     {
  36:../libDaisy/src/per/adc.h ****         MUX_SEL_0,    /**< & */
  37:../libDaisy/src/per/adc.h ****         MUX_SEL_1,    /**< & */
  38:../libDaisy/src/per/adc.h ****         MUX_SEL_2,    /**< & */
  39:../libDaisy/src/per/adc.h ****         MUX_SEL_LAST, /**< & */
  40:../libDaisy/src/per/adc.h ****     };
  41:../libDaisy/src/per/adc.h **** 
  42:../libDaisy/src/per/adc.h ****     /** \brief per channel conversion speed added to fixed time based on bitdepth, etc. */
  43:../libDaisy/src/per/adc.h ****     enum ConversionSpeed
  44:../libDaisy/src/per/adc.h ****     {
  45:../libDaisy/src/per/adc.h ****         SPEED_1CYCLES_5,
  46:../libDaisy/src/per/adc.h ****         SPEED_2CYCLES_5,
  47:../libDaisy/src/per/adc.h ****         SPEED_8CYCLES_5,
  48:../libDaisy/src/per/adc.h ****         SPEED_16CYCLES_5,
  49:../libDaisy/src/per/adc.h ****         SPEED_32CYCLES_5,
  50:../libDaisy/src/per/adc.h ****         SPEED_64CYCLES_5,
  51:../libDaisy/src/per/adc.h ****         SPEED_387CYCLES_5,
  52:../libDaisy/src/per/adc.h ****         SPEED_810CYCLES_5,
  53:../libDaisy/src/per/adc.h ****     };
  54:../libDaisy/src/per/adc.h **** 
  55:../libDaisy/src/per/adc.h ****     /** Initializes a single ADC pin as an ADC. 
  56:../libDaisy/src/per/adc.h ****     \param pin Pin to init.
  57:../libDaisy/src/per/adc.h ****     \param speed conversion speed for this pin defaults to 8.5 cycles
  58:../libDaisy/src/per/adc.h ****      */
  59:../libDaisy/src/per/adc.h ****     void InitSingle(dsy_gpio_pin pin, ConversionSpeed speed = SPEED_8CYCLES_5);
  60:../libDaisy/src/per/adc.h **** 
  61:../libDaisy/src/per/adc.h ****     /** 
  62:../libDaisy/src/per/adc.h ****     Initializes a single ADC pin as a Multiplexed ADC.
  63:../libDaisy/src/per/adc.h ****     Requires a CD405X Multiplexer connected to the pin.
  64:../libDaisy/src/per/adc.h ****     You only need to supply the mux pins that are required,
  65:../libDaisy/src/per/adc.h ****     e.g. a 4052 mux would only require mux_0 and mux_1.
  66:../libDaisy/src/per/adc.h ****     Internal Callbacks handle the pin addressing.
  67:../libDaisy/src/per/adc.h ****     \param adc_pin &
  68:../libDaisy/src/per/adc.h ****     \param mux_channels must be 1-8
  69:../libDaisy/src/per/adc.h ****     \param mux_0 First mux pin
  70:../libDaisy/src/per/adc.h ****     \param mux_1 Second mux pin
  71:../libDaisy/src/per/adc.h ****     \param mux_2 Third mux pin
  72:../libDaisy/src/per/adc.h ****     \param speed conversion speed for this pin defaults to 8.5 cycles
  73:../libDaisy/src/per/adc.h ****     */
  74:../libDaisy/src/per/adc.h ****     void InitMux(dsy_gpio_pin    adc_pin,
  75:../libDaisy/src/per/adc.h ****                  size_t          mux_channels,
  76:../libDaisy/src/per/adc.h ****                  dsy_gpio_pin    mux_0,
  77:../libDaisy/src/per/adc.h ****                  dsy_gpio_pin    mux_1 = {DSY_GPIOX, 0},
  78:../libDaisy/src/per/adc.h ****                  dsy_gpio_pin    mux_2 = {DSY_GPIOX, 0},
  79:../libDaisy/src/per/adc.h ****                  ConversionSpeed speed = SPEED_8CYCLES_5);
  80:../libDaisy/src/per/adc.h **** 
  81:../libDaisy/src/per/adc.h ****     dsy_gpio        pin_;                   /**< & */
  82:../libDaisy/src/per/adc.h ****     dsy_gpio        mux_pin_[MUX_SEL_LAST]; /**< & */
  83:../libDaisy/src/per/adc.h ****     uint8_t         mux_channels_;          /**< & */
  84:../libDaisy/src/per/adc.h ****     ConversionSpeed speed_;
  85:../libDaisy/src/per/adc.h **** };
  86:../libDaisy/src/per/adc.h **** 
ARM GAS  /tmp/ccZM8ZH5.s 			page 7


  87:../libDaisy/src/per/adc.h **** /**
  88:../libDaisy/src/per/adc.h ****    @brief Handler for analog to digital conversion
  89:../libDaisy/src/per/adc.h **** */
  90:../libDaisy/src/per/adc.h **** class AdcHandle
  91:../libDaisy/src/per/adc.h **** {
  92:../libDaisy/src/per/adc.h ****   public:
  93:../libDaisy/src/per/adc.h ****     /** Supported oversampling amounts */
  94:../libDaisy/src/per/adc.h ****     enum OverSampling
  95:../libDaisy/src/per/adc.h ****     {
  96:../libDaisy/src/per/adc.h ****         OVS_NONE, /**< & */
  97:../libDaisy/src/per/adc.h ****         OVS_4,    /**< & */
  98:../libDaisy/src/per/adc.h ****         OVS_8,    /**< & */
  99:../libDaisy/src/per/adc.h ****         OVS_16,   /**< & */
 100:../libDaisy/src/per/adc.h ****         OVS_32,   /**< & */
 101:../libDaisy/src/per/adc.h ****         OVS_64,   /**< & */
 102:../libDaisy/src/per/adc.h ****         OVS_128,  /**< & */
 103:../libDaisy/src/per/adc.h ****         OVS_256,  /**< & */
 104:../libDaisy/src/per/adc.h ****         OVS_512,  /**< & */
 105:../libDaisy/src/per/adc.h ****         OVS_1024, /**< & */
 106:../libDaisy/src/per/adc.h ****         OVS_LAST, /**< & */
 107:../libDaisy/src/per/adc.h ****     };
 108:../libDaisy/src/per/adc.h **** 
 109:../libDaisy/src/per/adc.h ****     AdcHandle() {}
 110:../libDaisy/src/per/adc.h ****     ~AdcHandle() {}
  75              		.loc 6 110 5 is_stmt 1 view .LVU7
  76              		.loc 6 110 5 is_stmt 0 view .LVU8
  77              	.LBE64:
  78              	.LBB65:
  79              	.LBI65:
  80              		.file 7 "../libDaisy/src/hid/audio.h"
   1:../libDaisy/src/hid/audio.h **** #ifndef DSY_AUDIO_H
   2:../libDaisy/src/hid/audio.h **** #define DSY_AUDIO_H /**< & */
   3:../libDaisy/src/hid/audio.h **** 
   4:../libDaisy/src/hid/audio.h **** #include "per/sai.h"
   5:../libDaisy/src/hid/audio.h **** 
   6:../libDaisy/src/hid/audio.h **** namespace daisy
   7:../libDaisy/src/hid/audio.h **** {
   8:../libDaisy/src/hid/audio.h **** /** @brief Audio Engine Handle
   9:../libDaisy/src/hid/audio.h ****  *  @ingroup audio 
  10:../libDaisy/src/hid/audio.h ****  *  @details This class allows for higher level access to an audio engine.
  11:../libDaisy/src/hid/audio.h ****  *           If you're using a SOM like the DaisySeed or DaisyPatchSM (or any 
  12:../libDaisy/src/hid/audio.h ****  *            board that includes one of those objects) then the intialization
  13:../libDaisy/src/hid/audio.h ****  *            is already taken  care of.
  14:../libDaisy/src/hid/audio.h ****  *           If you're setting up your own custom hardware, or need to make changes
  15:../libDaisy/src/hid/audio.h ****  *           you will have to take the following steps:
  16:../libDaisy/src/hid/audio.h ****  *             1. Create and Initialize an SaiHandle or two depending on your requirements
  17:../libDaisy/src/hid/audio.h ****  *             2. Initialize the Audio Handle with the desired settings and the Initialized SaiHand
  18:../libDaisy/src/hid/audio.h ****  *             3. If the connected codec requires special configuration or initialization, do so
  19:../libDaisy/src/hid/audio.h ****  *             4. Write a callback method using either the AudioCallback or the InterleavingAudioCa
  20:../libDaisy/src/hid/audio.h ****  *             5. Start the Audio using one of the StartAudio function
  21:../libDaisy/src/hid/audio.h ****  */
  22:../libDaisy/src/hid/audio.h **** class AudioHandle
  23:../libDaisy/src/hid/audio.h **** {
  24:../libDaisy/src/hid/audio.h ****   public:
  25:../libDaisy/src/hid/audio.h ****     /** Manually configurable details about the Audio Engine */
  26:../libDaisy/src/hid/audio.h ****     /** TODO: Figure out how to get samplerate in here. */
  27:../libDaisy/src/hid/audio.h ****     struct Config
ARM GAS  /tmp/ccZM8ZH5.s 			page 8


  28:../libDaisy/src/hid/audio.h ****     {
  29:../libDaisy/src/hid/audio.h ****         /** number of samples to process per callback */
  30:../libDaisy/src/hid/audio.h ****         size_t blocksize;
  31:../libDaisy/src/hid/audio.h **** 
  32:../libDaisy/src/hid/audio.h ****         /**< Sample rate of audio */
  33:../libDaisy/src/hid/audio.h ****         SaiHandle::Config::SampleRate samplerate;
  34:../libDaisy/src/hid/audio.h **** 
  35:../libDaisy/src/hid/audio.h ****         /** factor for adjustment before and after callback for hardware that may have extra headro
  36:../libDaisy/src/hid/audio.h ****         float postgain;
  37:../libDaisy/src/hid/audio.h **** 
  38:../libDaisy/src/hid/audio.h ****         /** factor for additional one-sided compensation to audio path for hardware that may
  39:../libDaisy/src/hid/audio.h ****          *  have unequal input/output ranges
  40:../libDaisy/src/hid/audio.h ****          */
  41:../libDaisy/src/hid/audio.h ****         float output_compensation;
  42:../libDaisy/src/hid/audio.h **** 
  43:../libDaisy/src/hid/audio.h ****         /** Sets default values for config struct */
  44:../libDaisy/src/hid/audio.h ****         Config()
  45:../libDaisy/src/hid/audio.h ****         : blocksize(48),
  46:../libDaisy/src/hid/audio.h ****           samplerate(SaiHandle::Config::SampleRate::SAI_48KHZ),
  47:../libDaisy/src/hid/audio.h ****           postgain(1.f),
  48:../libDaisy/src/hid/audio.h ****           output_compensation(1.f)
  49:../libDaisy/src/hid/audio.h ****         {
  50:../libDaisy/src/hid/audio.h ****         }
  51:../libDaisy/src/hid/audio.h ****     };
  52:../libDaisy/src/hid/audio.h **** 
  53:../libDaisy/src/hid/audio.h ****     enum class Result
  54:../libDaisy/src/hid/audio.h ****     {
  55:../libDaisy/src/hid/audio.h ****         OK,
  56:../libDaisy/src/hid/audio.h ****         ERR,
  57:../libDaisy/src/hid/audio.h ****     };
  58:../libDaisy/src/hid/audio.h **** 
  59:../libDaisy/src/hid/audio.h ****     /** Non-Interleaving input buffer
  60:../libDaisy/src/hid/audio.h ****      * Buffer arranged by float[chn][sample] 
  61:../libDaisy/src/hid/audio.h ****      * const so that the user can't modify the input
  62:../libDaisy/src/hid/audio.h ****      */
  63:../libDaisy/src/hid/audio.h ****     typedef const float* const* InputBuffer;
  64:../libDaisy/src/hid/audio.h **** 
  65:../libDaisy/src/hid/audio.h ****     /** Non-Interleaving output buffer
  66:../libDaisy/src/hid/audio.h ****      * Arranged by float[chn][sample] 
  67:../libDaisy/src/hid/audio.h ****      */
  68:../libDaisy/src/hid/audio.h ****     typedef float** OutputBuffer;
  69:../libDaisy/src/hid/audio.h **** 
  70:../libDaisy/src/hid/audio.h ****     /** Type for a Non-Interleaving audio callback 
  71:../libDaisy/src/hid/audio.h ****      * Non-Interleaving audio callbacks in daisy will be of this type
  72:../libDaisy/src/hid/audio.h ****      */
  73:../libDaisy/src/hid/audio.h ****     typedef void (*AudioCallback)(InputBuffer  in,
  74:../libDaisy/src/hid/audio.h ****                                   OutputBuffer out,
  75:../libDaisy/src/hid/audio.h ****                                   size_t       size);
  76:../libDaisy/src/hid/audio.h **** 
  77:../libDaisy/src/hid/audio.h ****     /** Interleaving Input buffer
  78:../libDaisy/src/hid/audio.h ****      ** audio is prepared as { L0, R0, L1, R1, . . . LN, RN }]
  79:../libDaisy/src/hid/audio.h ****      ** this is const, as the user shouldn't modify it
  80:../libDaisy/src/hid/audio.h ****     */
  81:../libDaisy/src/hid/audio.h ****     typedef const float* InterleavingInputBuffer;
  82:../libDaisy/src/hid/audio.h **** 
  83:../libDaisy/src/hid/audio.h ****     /** Interleaving Output buffer 
  84:../libDaisy/src/hid/audio.h ****      ** audio is prepared as { L0, R0, L1, R1, . . . LN, RN }
ARM GAS  /tmp/ccZM8ZH5.s 			page 9


  85:../libDaisy/src/hid/audio.h ****     */
  86:../libDaisy/src/hid/audio.h ****     typedef float* InterleavingOutputBuffer;
  87:../libDaisy/src/hid/audio.h **** 
  88:../libDaisy/src/hid/audio.h ****     /** Interleaving Audio Callback 
  89:../libDaisy/src/hid/audio.h ****      * Interleaving audio callbacks in daisy must be of this type
  90:../libDaisy/src/hid/audio.h ****      */
  91:../libDaisy/src/hid/audio.h ****     typedef void (*InterleavingAudioCallback)(InterleavingInputBuffer  in,
  92:../libDaisy/src/hid/audio.h ****                                               InterleavingOutputBuffer out,
  93:../libDaisy/src/hid/audio.h ****                                               size_t                   size);
  94:../libDaisy/src/hid/audio.h **** 
  95:../libDaisy/src/hid/audio.h ****     AudioHandle() : pimpl_(nullptr) {}
  96:../libDaisy/src/hid/audio.h ****     ~AudioHandle() {}
  81              		.loc 7 96 5 is_stmt 1 view .LVU9
  82              		.loc 7 96 5 is_stmt 0 view .LVU10
  83              	.LBE65:
  84              		.loc 3 22 19 view .LVU11
  85 0000 7047     		bx	lr
  86              		.cfi_endproc
  87              	.LFE4664:
  89              		.weak	_ZN5daisy9DaisySeedD1Ev
  90              		.thumb_set _ZN5daisy9DaisySeedD1Ev,_ZN5daisy9DaisySeedD2Ev
  91 0002 00BF     		.section	.text._ZL13AudioCallbackPKfPfj,"ax",%progbits
  92              		.align	1
  93              		.p2align 2,,3
  94              		.syntax unified
  95              		.thumb
  96              		.thumb_func
  98              	_ZL13AudioCallbackPKfPfj:
  99              	.LVL2:
 100              	.LFB4669:
   1:oscillator.cpp **** #include "daisysp.h"
   2:oscillator.cpp **** #include "daisy_seed.h"
   3:oscillator.cpp **** 
   4:oscillator.cpp **** using namespace daisysp;
   5:oscillator.cpp **** using namespace daisy;
   6:oscillator.cpp **** 
   7:oscillator.cpp **** static DaisySeed  hw;
   8:oscillator.cpp **** static Oscillator osc;
   9:oscillator.cpp **** 
  10:oscillator.cpp **** static void AudioCallback(AudioHandle::InterleavingInputBuffer  in,
  11:oscillator.cpp ****                           AudioHandle::InterleavingOutputBuffer out,
  12:oscillator.cpp ****                           size_t                                size)
  13:oscillator.cpp **** {
 101              		.loc 1 13 1 is_stmt 1 view -0
 102              		.cfi_startproc
 103              		@ args = 0, pretend = 0, frame = 0
 104              		@ frame_needed = 0, uses_anonymous_args = 0
  14:oscillator.cpp ****     float sig;
 105              		.loc 1 14 5 view .LVU13
  15:oscillator.cpp ****     for(size_t i = 0; i < size; i += 2)
 106              		.loc 1 15 5 view .LVU14
 107              	.LBB66:
 108              		.loc 1 15 25 discriminator 1 view .LVU15
 109 0000 8AB1     		cbz	r2, .L12
 110 0002 013A     		subs	r2, r2, #1
 111              	.LVL3:
 112              		.loc 1 15 25 is_stmt 0 discriminator 1 view .LVU16
ARM GAS  /tmp/ccZM8ZH5.s 			page 10


 113              	.LBE66:
  13:oscillator.cpp ****     float sig;
 114              		.loc 1 13 1 view .LVU17
 115 0004 70B5     		push	{r4, r5, r6, lr}
 116              		.cfi_def_cfa_offset 16
 117              		.cfi_offset 4, -16
 118              		.cfi_offset 5, -12
 119              		.cfi_offset 6, -8
 120              		.cfi_offset 14, -4
 121 0006 0C46     		mov	r4, r1
 122              	.LBB67:
 123              		.loc 1 15 25 discriminator 1 view .LVU18
 124 0008 0025     		movs	r5, #0
 125 000a 5608     		lsrs	r6, r2, #1
 126              	.LVL4:
 127              	.L6:
  16:oscillator.cpp ****     {
  17:oscillator.cpp ****         sig = osc.Process();
 128              		.loc 1 17 9 is_stmt 1 view .LVU19
 129              		.loc 1 17 26 is_stmt 0 view .LVU20
 130 000c 0648     		ldr	r0, .L15
  15:oscillator.cpp ****     {
 131              		.loc 1 15 25 discriminator 1 view .LVU21
 132 000e 0834     		adds	r4, r4, #8
 133              		.loc 1 17 26 view .LVU22
 134 0010 FFF7FEFF 		bl	_ZN7daisysp10Oscillator7ProcessEv
 135              	.LVL5:
  18:oscillator.cpp **** 
  19:oscillator.cpp ****         // left out
  20:oscillator.cpp ****         out[i] = sig;
 136              		.loc 1 20 9 is_stmt 1 view .LVU23
  15:oscillator.cpp ****     {
 137              		.loc 1 15 25 is_stmt 0 discriminator 1 view .LVU24
 138 0014 B542     		cmp	r5, r6
 139              		.loc 1 20 16 view .LVU25
 140 0016 04ED020A 		vstr.32	s0, [r4, #-8]
  21:oscillator.cpp **** 
  22:oscillator.cpp ****         // right out
  23:oscillator.cpp ****         out[i + 1] = sig;
 141              		.loc 1 23 9 is_stmt 1 view .LVU26
  15:oscillator.cpp ****     {
 142              		.loc 1 15 25 is_stmt 0 discriminator 1 view .LVU27
 143 001a 05F10105 		add	r5, r5, #1
 144              	.LVL6:
 145              		.loc 1 23 20 view .LVU28
 146 001e 04ED010A 		vstr.32	s0, [r4, #-4]
  15:oscillator.cpp ****     {
 147              		.loc 1 15 5 is_stmt 1 discriminator 3 view .LVU29
 148              	.LVL7:
  15:oscillator.cpp ****     {
 149              		.loc 1 15 25 discriminator 1 view .LVU30
 150 0022 F3D1     		bne	.L6
 151              	.LBE67:
  24:oscillator.cpp ****     }
  25:oscillator.cpp **** }
 152              		.loc 1 25 1 is_stmt 0 view .LVU31
 153 0024 70BD     		pop	{r4, r5, r6, pc}
ARM GAS  /tmp/ccZM8ZH5.s 			page 11


 154              	.LVL8:
 155              	.L12:
 156              		.cfi_def_cfa_offset 0
 157              		.cfi_restore 4
 158              		.cfi_restore 5
 159              		.cfi_restore 6
 160              		.cfi_restore 14
 161              		.loc 1 25 1 view .LVU32
 162 0026 7047     		bx	lr
 163              	.L16:
 164              		.align	2
 165              	.L15:
 166 0028 00000000 		.word	_ZL3osc
 167              		.cfi_endproc
 168              	.LFE4669:
 170              		.section	.text.startup.main,"ax",%progbits
 171              		.align	1
 172              		.p2align 2,,3
 173              		.global	main
 174              		.syntax unified
 175              		.thumb
 176              		.thumb_func
 178              	main:
 179              	.LFB4670:
  26:oscillator.cpp **** 
  27:oscillator.cpp **** int main(void)
  28:oscillator.cpp **** {
 180              		.loc 1 28 1 is_stmt 1 view -0
 181              		.cfi_startproc
 182              		@ args = 0, pretend = 0, frame = 24
 183              		@ frame_needed = 0, uses_anonymous_args = 0
  29:oscillator.cpp ****     // initialize seed hardware and oscillator daisysp module
  30:oscillator.cpp ****     float sample_rate;
 184              		.loc 1 30 5 view .LVU34
  31:oscillator.cpp ****     hw.Configure();
 185              		.loc 1 31 5 view .LVU35
  28:oscillator.cpp ****     // initialize seed hardware and oscillator daisysp module
 186              		.loc 1 28 1 is_stmt 0 view .LVU36
 187 0000 30B5     		push	{r4, r5, lr}
 188              		.cfi_def_cfa_offset 12
 189              		.cfi_offset 4, -12
 190              		.cfi_offset 5, -8
 191              		.cfi_offset 14, -4
 192              		.loc 1 31 17 view .LVU37
 193 0002 3048     		ldr	r0, .L20
  28:oscillator.cpp ****     // initialize seed hardware and oscillator daisysp module
 194              		.loc 1 28 1 view .LVU38
 195 0004 87B0     		sub	sp, sp, #28
 196              		.cfi_def_cfa_offset 40
 197              		.loc 1 31 17 view .LVU39
 198 0006 FFF7FEFF 		bl	_ZN5daisy9DaisySeed9ConfigureEv
 199              	.LVL9:
  32:oscillator.cpp ****     hw.Init();
 200              		.loc 1 32 5 is_stmt 1 view .LVU40
 201              		.loc 1 32 12 is_stmt 0 view .LVU41
 202 000a 0021     		movs	r1, #0
 203 000c 2D48     		ldr	r0, .L20
ARM GAS  /tmp/ccZM8ZH5.s 			page 12


 204              	.LBB78:
 205              	.LBB79:
  25:../DaisySP/Source/Synthesis/oscillator.h ****     /** Choices for output waveforms, POLYBLEP are appropriately labeled. Others are naive forms.
  26:../DaisySP/Source/Synthesis/oscillator.h ****     */
  27:../DaisySP/Source/Synthesis/oscillator.h ****     enum
  28:../DaisySP/Source/Synthesis/oscillator.h ****     {
  29:../DaisySP/Source/Synthesis/oscillator.h ****         WAVE_SIN,
  30:../DaisySP/Source/Synthesis/oscillator.h ****         WAVE_TRI,
  31:../DaisySP/Source/Synthesis/oscillator.h ****         WAVE_SAW,
  32:../DaisySP/Source/Synthesis/oscillator.h ****         WAVE_RAMP,
  33:../DaisySP/Source/Synthesis/oscillator.h ****         WAVE_SQUARE,
  34:../DaisySP/Source/Synthesis/oscillator.h ****         WAVE_POLYBLEP_TRI,
  35:../DaisySP/Source/Synthesis/oscillator.h ****         WAVE_POLYBLEP_SAW,
  36:../DaisySP/Source/Synthesis/oscillator.h ****         WAVE_POLYBLEP_SQUARE,
  37:../DaisySP/Source/Synthesis/oscillator.h ****         WAVE_LAST,
  38:../DaisySP/Source/Synthesis/oscillator.h ****     };
  39:../DaisySP/Source/Synthesis/oscillator.h **** 
  40:../DaisySP/Source/Synthesis/oscillator.h **** 
  41:../DaisySP/Source/Synthesis/oscillator.h ****     /** Initializes the Oscillator
  42:../DaisySP/Source/Synthesis/oscillator.h **** 
  43:../DaisySP/Source/Synthesis/oscillator.h ****         \param sample_rate - sample rate of the audio engine being run, and the frequency that the 
  44:../DaisySP/Source/Synthesis/oscillator.h **** 
  45:../DaisySP/Source/Synthesis/oscillator.h ****         Defaults:
  46:../DaisySP/Source/Synthesis/oscillator.h ****         - freq_ = 100 Hz
  47:../DaisySP/Source/Synthesis/oscillator.h ****         - amp_ = 0.5
  48:../DaisySP/Source/Synthesis/oscillator.h ****         - waveform_ = sine wave.
  49:../DaisySP/Source/Synthesis/oscillator.h ****     */
  50:../DaisySP/Source/Synthesis/oscillator.h ****     void Init(float sample_rate)
  51:../DaisySP/Source/Synthesis/oscillator.h ****     {
  52:../DaisySP/Source/Synthesis/oscillator.h ****         sr_        = sample_rate;
  53:../DaisySP/Source/Synthesis/oscillator.h ****         sr_recip_  = 1.0f / sample_rate;
  54:../DaisySP/Source/Synthesis/oscillator.h ****         freq_      = 100.0f;
  55:../DaisySP/Source/Synthesis/oscillator.h ****         amp_       = 0.5f;
  56:../DaisySP/Source/Synthesis/oscillator.h ****         pw_        = 0.5f;
  57:../DaisySP/Source/Synthesis/oscillator.h ****         phase_     = 0.0f;
  58:../DaisySP/Source/Synthesis/oscillator.h ****         phase_inc_ = CalcPhaseInc(freq_);
  59:../DaisySP/Source/Synthesis/oscillator.h ****         waveform_  = WAVE_SIN;
 206              		.loc 2 59 20 view .LVU42
 207 000e 0025     		movs	r5, #0
 208              	.LBE79:
 209              	.LBE78:
 210              		.loc 1 32 12 view .LVU43
 211 0010 FFF7FEFF 		bl	_ZN5daisy9DaisySeed4InitEb
 212              	.LVL10:
  33:oscillator.cpp ****     hw.SetAudioBlockSize(4);
 213              		.loc 1 33 5 is_stmt 1 view .LVU44
 214              		.loc 1 33 25 is_stmt 0 view .LVU45
 215 0014 0421     		movs	r1, #4
 216 0016 2B48     		ldr	r0, .L20
 217 0018 FFF7FEFF 		bl	_ZN5daisy9DaisySeed17SetAudioBlockSizeEj
 218              	.LVL11:
  34:oscillator.cpp ****     sample_rate = hw.AudioSampleRate();
 219              		.loc 1 34 5 is_stmt 1 view .LVU46
 220              		.loc 1 34 37 is_stmt 0 view .LVU47
 221 001c 2948     		ldr	r0, .L20
 222 001e FFF7FEFF 		bl	_ZN5daisy9DaisySeed15AudioSampleRateEv
 223              	.LVL12:
ARM GAS  /tmp/ccZM8ZH5.s 			page 13


 224              	.LBB83:
 225              	.LBB80:
  53:../DaisySP/Source/Synthesis/oscillator.h ****         freq_      = 100.0f;
 226              		.loc 2 53 27 view .LVU48
 227 0022 F7EE006A 		vmov.f32	s13, #1.0e+0
 228              	.LBE80:
 229              	.LBE83:
 230              		.loc 1 34 37 view .LVU49
 231 0026 F0EE407A 		vmov.f32	s15, s0
 232              	.LVL13:
  35:oscillator.cpp ****     osc.Init(sample_rate);
 233              		.loc 1 35 5 is_stmt 1 view .LVU50
 234              	.LBB84:
 235              	.LBI78:
  50:../DaisySP/Source/Synthesis/oscillator.h ****     {
 236              		.loc 2 50 10 view .LVU51
 237              	.LBB81:
  52:../DaisySP/Source/Synthesis/oscillator.h ****         sr_recip_  = 1.0f / sample_rate;
 238              		.loc 2 52 9 view .LVU52
  52:../DaisySP/Source/Synthesis/oscillator.h ****         sr_recip_  = 1.0f / sample_rate;
 239              		.loc 2 52 20 is_stmt 0 view .LVU53
 240 002a 274C     		ldr	r4, .L20+4
  55:../DaisySP/Source/Synthesis/oscillator.h ****         pw_        = 0.5f;
 241              		.loc 2 55 20 view .LVU54
 242 002c 4FF07C53 		mov	r3, #1056964608
  57:../DaisySP/Source/Synthesis/oscillator.h ****         phase_inc_ = CalcPhaseInc(freq_);
 243              		.loc 2 57 20 view .LVU55
 244 0030 0022     		movs	r2, #0
  54:../DaisySP/Source/Synthesis/oscillator.h ****         amp_       = 0.5f;
 245              		.loc 2 54 20 view .LVU56
 246 0032 9FED260A 		vldr.32	s0, .L20+8
 247              	.LVL14:
  58:../DaisySP/Source/Synthesis/oscillator.h ****         waveform_  = WAVE_SIN;
 248              		.loc 2 58 34 view .LVU57
 249 0036 2046     		mov	r0, r4
  53:../DaisySP/Source/Synthesis/oscillator.h ****         freq_      = 100.0f;
 250              		.loc 2 53 27 view .LVU58
 251 0038 86EEA77A 		vdiv.f32	s14, s13, s15
  52:../DaisySP/Source/Synthesis/oscillator.h ****         sr_recip_  = 1.0f / sample_rate;
 252              		.loc 2 52 20 view .LVU59
 253 003c C4ED047A 		vstr.32	s15, [r4, #16]
  53:../DaisySP/Source/Synthesis/oscillator.h ****         freq_      = 100.0f;
 254              		.loc 2 53 9 is_stmt 1 view .LVU60
  57:../DaisySP/Source/Synthesis/oscillator.h ****         phase_inc_ = CalcPhaseInc(freq_);
 255              		.loc 2 57 20 is_stmt 0 view .LVU61
 256 0040 A261     		str	r2, [r4, #24]	@ float
  55:../DaisySP/Source/Synthesis/oscillator.h ****         pw_        = 0.5f;
 257              		.loc 2 55 20 view .LVU62
 258 0042 6360     		str	r3, [r4, #4]	@ float
  56:../DaisySP/Source/Synthesis/oscillator.h ****         phase_     = 0.0f;
 259              		.loc 2 56 20 view .LVU63
 260 0044 E360     		str	r3, [r4, #12]	@ float
  54:../DaisySP/Source/Synthesis/oscillator.h ****         amp_       = 0.5f;
 261              		.loc 2 54 20 view .LVU64
 262 0046 84ED020A 		vstr.32	s0, [r4, #8]
  53:../DaisySP/Source/Synthesis/oscillator.h ****         freq_      = 100.0f;
 263              		.loc 2 53 20 view .LVU65
ARM GAS  /tmp/ccZM8ZH5.s 			page 14


 264 004a 84ED057A 		vstr.32	s14, [r4, #20]
  54:../DaisySP/Source/Synthesis/oscillator.h ****         amp_       = 0.5f;
 265              		.loc 2 54 9 is_stmt 1 view .LVU66
  55:../DaisySP/Source/Synthesis/oscillator.h ****         pw_        = 0.5f;
 266              		.loc 2 55 9 view .LVU67
  56:../DaisySP/Source/Synthesis/oscillator.h ****         phase_     = 0.0f;
 267              		.loc 2 56 9 view .LVU68
  57:../DaisySP/Source/Synthesis/oscillator.h ****         phase_inc_ = CalcPhaseInc(freq_);
 268              		.loc 2 57 9 view .LVU69
  58:../DaisySP/Source/Synthesis/oscillator.h ****         waveform_  = WAVE_SIN;
 269              		.loc 2 58 9 view .LVU70
  58:../DaisySP/Source/Synthesis/oscillator.h ****         waveform_  = WAVE_SIN;
 270              		.loc 2 58 34 is_stmt 0 view .LVU71
 271 004e FFF7FEFF 		bl	_ZN7daisysp10Oscillator12CalcPhaseIncEf
 272              	.LVL15:
  60:../DaisySP/Source/Synthesis/oscillator.h ****         eoc_       = true;
  61:../DaisySP/Source/Synthesis/oscillator.h ****         eor_       = true;
 273              		.loc 2 61 20 view .LVU72
 274 0052 40F20113 		movw	r3, #257
 275              	.LBE81:
 276              	.LBE84:
  36:oscillator.cpp **** 
  37:oscillator.cpp ****     //This is our ADC configuration
  38:oscillator.cpp ****     AdcChannelConfig adcConfig;
  39:oscillator.cpp ****     //Configure pin as an ADC input. This is where we'll read the knob.
  40:oscillator.cpp ****     adcConfig.InitSingle(hw.GetPin(23));
 277              		.loc 1 40 25 view .LVU73
 278 0056 1720     		movs	r0, #23
 279              	.LBB85:
 280              	.LBB82:
  58:../DaisySP/Source/Synthesis/oscillator.h ****         waveform_  = WAVE_SIN;
 281              		.loc 2 58 20 discriminator 1 view .LVU74
 282 0058 84ED070A 		vstr.32	s0, [r4, #28]
  59:../DaisySP/Source/Synthesis/oscillator.h ****         eoc_       = true;
 283              		.loc 2 59 9 is_stmt 1 view .LVU75
 284              		.loc 2 61 20 is_stmt 0 view .LVU76
 285 005c 2385     		strh	r3, [r4, #40]	@ movhi
  59:../DaisySP/Source/Synthesis/oscillator.h ****         eoc_       = true;
 286              		.loc 2 59 20 view .LVU77
 287 005e 2570     		strb	r5, [r4]
  60:../DaisySP/Source/Synthesis/oscillator.h ****         eor_       = true;
 288              		.loc 2 60 9 is_stmt 1 view .LVU78
 289              		.loc 2 61 9 view .LVU79
 290              	.LVL16:
 291              		.loc 2 61 9 is_stmt 0 view .LVU80
 292              	.LBE82:
 293              	.LBE85:
  38:oscillator.cpp ****     //Configure pin as an ADC input. This is where we'll read the knob.
 294              		.loc 1 38 5 is_stmt 1 view .LVU81
 295              		.loc 1 40 5 view .LVU82
 296              		.loc 1 40 25 is_stmt 0 view .LVU83
 297 0060 FFF7FEFF 		bl	_ZN5daisy9DaisySeed6GetPinEh
 298              	.LVL17:
 299 0064 ADF80000 		strh	r0, [sp]	@ movhi
 300              		.loc 1 40 25 discriminator 1 view .LVU84
 301 0068 0222     		movs	r2, #2
 302 006a 01A8     		add	r0, sp, #4
ARM GAS  /tmp/ccZM8ZH5.s 			page 15


 303 006c 0099     		ldr	r1, [sp]
 304 006e FFF7FEFF 		bl	_ZN5daisy16AdcChannelConfig10InitSingleE12dsy_gpio_pinNS0_15ConversionSpeedE
 305              	.LVL18:
  41:oscillator.cpp **** 
  42:oscillator.cpp ****     //Initialize the adc with the config we just made
  43:oscillator.cpp ****     hw.adc.Init(&adcConfig, 1);
 306              		.loc 1 43 5 is_stmt 1 view .LVU85
 307              		.loc 1 43 16 is_stmt 0 view .LVU86
 308 0072 0423     		movs	r3, #4
 309 0074 0122     		movs	r2, #1
 310 0076 1648     		ldr	r0, .L20+12
 311 0078 0DEB0301 		add	r1, sp, r3
 312 007c FFF7FEFF 		bl	_ZN5daisy9AdcHandle4InitEPNS_16AdcChannelConfigEjNS0_12OverSamplingE
 313              	.LVL19:
  44:oscillator.cpp ****     //Start reading values
  45:oscillator.cpp ****     hw.adc.Start();
 314              		.loc 1 45 5 is_stmt 1 view .LVU87
 315              		.loc 1 45 17 is_stmt 0 view .LVU88
 316 0080 1348     		ldr	r0, .L20+12
 317 0082 FFF7FEFF 		bl	_ZN5daisy9AdcHandle5StartEv
 318              	.LVL20:
  46:oscillator.cpp **** 
  47:oscillator.cpp ****     // Set parameters for oscillator
  48:oscillator.cpp ****     osc.SetWaveform(osc.WAVE_SIN);
 319              		.loc 1 48 5 is_stmt 1 view .LVU89
 320              	.LBB86:
 321              	.LBI86:
  62:../DaisySP/Source/Synthesis/oscillator.h ****     }
  63:../DaisySP/Source/Synthesis/oscillator.h **** 
  64:../DaisySP/Source/Synthesis/oscillator.h **** 
  65:../DaisySP/Source/Synthesis/oscillator.h ****     /** Changes the frequency of the Oscillator, and recalculates phase increment.
  66:../DaisySP/Source/Synthesis/oscillator.h ****     */
  67:../DaisySP/Source/Synthesis/oscillator.h ****     inline void SetFreq(const float f)
  68:../DaisySP/Source/Synthesis/oscillator.h ****     {
  69:../DaisySP/Source/Synthesis/oscillator.h ****         freq_      = f;
  70:../DaisySP/Source/Synthesis/oscillator.h ****         phase_inc_ = CalcPhaseInc(f);
  71:../DaisySP/Source/Synthesis/oscillator.h ****     }
  72:../DaisySP/Source/Synthesis/oscillator.h **** 
  73:../DaisySP/Source/Synthesis/oscillator.h **** 
  74:../DaisySP/Source/Synthesis/oscillator.h ****     /** Sets the amplitude of the waveform.
  75:../DaisySP/Source/Synthesis/oscillator.h ****     */
  76:../DaisySP/Source/Synthesis/oscillator.h ****     inline void SetAmp(const float a) { amp_ = a; }
  77:../DaisySP/Source/Synthesis/oscillator.h ****     /** Sets the waveform to be synthesized by the Process() function.
  78:../DaisySP/Source/Synthesis/oscillator.h ****     */
  79:../DaisySP/Source/Synthesis/oscillator.h ****     inline void SetWaveform(const uint8_t wf)
 322              		.loc 2 79 17 view .LVU90
 323              	.LBB87:
  80:../DaisySP/Source/Synthesis/oscillator.h ****     {
  81:../DaisySP/Source/Synthesis/oscillator.h ****         waveform_ = wf < WAVE_LAST ? wf : WAVE_SIN;
 324              		.loc 2 81 9 view .LVU91
 325              	.LBE87:
 326              	.LBE86:
 327              	.LBB89:
 328              	.LBB90:
  69:../DaisySP/Source/Synthesis/oscillator.h ****         phase_inc_ = CalcPhaseInc(f);
 329              		.loc 2 69 20 is_stmt 0 view .LVU92
 330 0086 9FED130A 		vldr.32	s0, .L20+16
ARM GAS  /tmp/ccZM8ZH5.s 			page 16


  70:../DaisySP/Source/Synthesis/oscillator.h ****     }
 331              		.loc 2 70 34 view .LVU93
 332 008a 2046     		mov	r0, r4
 333              	.LBE90:
 334              	.LBE89:
 335              	.LBB93:
 336              	.LBB88:
 337              		.loc 2 81 19 discriminator 4 view .LVU94
 338 008c 2570     		strb	r5, [r4]
 339              	.LVL21:
 340              		.loc 2 81 19 discriminator 4 view .LVU95
 341              	.LBE88:
 342              	.LBE93:
  49:oscillator.cpp ****     osc.SetFreq(440);
 343              		.loc 1 49 5 is_stmt 1 view .LVU96
 344              	.LBB94:
 345              	.LBI89:
  67:../DaisySP/Source/Synthesis/oscillator.h ****     {
 346              		.loc 2 67 17 view .LVU97
 347              	.LBB91:
  69:../DaisySP/Source/Synthesis/oscillator.h ****         phase_inc_ = CalcPhaseInc(f);
 348              		.loc 2 69 9 view .LVU98
  69:../DaisySP/Source/Synthesis/oscillator.h ****         phase_inc_ = CalcPhaseInc(f);
 349              		.loc 2 69 20 is_stmt 0 view .LVU99
 350 008e 84ED020A 		vstr.32	s0, [r4, #8]
  70:../DaisySP/Source/Synthesis/oscillator.h ****     }
 351              		.loc 2 70 9 is_stmt 1 view .LVU100
  70:../DaisySP/Source/Synthesis/oscillator.h ****     }
 352              		.loc 2 70 34 is_stmt 0 view .LVU101
 353 0092 FFF7FEFF 		bl	_ZN7daisysp10Oscillator12CalcPhaseIncEf
 354              	.LVL22:
 355              	.LBE91:
 356              	.LBE94:
 357              	.LBB95:
 358              	.LBB96:
  76:../DaisySP/Source/Synthesis/oscillator.h ****     /** Sets the waveform to be synthesized by the Process() function.
 359              		.loc 2 76 46 view .LVU102
 360 0096 104B     		ldr	r3, .L20+20
 361              	.LBE96:
 362              	.LBE95:
  50:oscillator.cpp ****     osc.SetAmp(0.1);
  51:oscillator.cpp **** 
  52:oscillator.cpp **** 
  53:oscillator.cpp **** 
  54:oscillator.cpp ****     // start callback
  55:oscillator.cpp ****     hw.StartAudio(AudioCallback);
 363              		.loc 1 55 18 view .LVU103
 364 0098 1049     		ldr	r1, .L20+24
 365 009a 0A48     		ldr	r0, .L20
 366              	.LBB98:
 367              	.LBB92:
  70:../DaisySP/Source/Synthesis/oscillator.h ****     }
 368              		.loc 2 70 20 discriminator 1 view .LVU104
 369 009c 84ED070A 		vstr.32	s0, [r4, #28]
 370              	.LVL23:
  70:../DaisySP/Source/Synthesis/oscillator.h ****     }
 371              		.loc 2 70 20 discriminator 1 view .LVU105
ARM GAS  /tmp/ccZM8ZH5.s 			page 17


 372              	.LBE92:
 373              	.LBE98:
  50:oscillator.cpp ****     osc.SetAmp(0.1);
 374              		.loc 1 50 5 is_stmt 1 view .LVU106
 375              	.LBB99:
 376              	.LBI95:
  76:../DaisySP/Source/Synthesis/oscillator.h ****     /** Sets the waveform to be synthesized by the Process() function.
 377              		.loc 2 76 17 view .LVU107
 378              	.LBB97:
  76:../DaisySP/Source/Synthesis/oscillator.h ****     /** Sets the waveform to be synthesized by the Process() function.
 379              		.loc 2 76 41 view .LVU108
  76:../DaisySP/Source/Synthesis/oscillator.h ****     /** Sets the waveform to be synthesized by the Process() function.
 380              		.loc 2 76 46 is_stmt 0 view .LVU109
 381 00a0 6360     		str	r3, [r4, #4]	@ float
 382              	.LVL24:
  76:../DaisySP/Source/Synthesis/oscillator.h ****     /** Sets the waveform to be synthesized by the Process() function.
 383              		.loc 2 76 46 view .LVU110
 384              	.LBE97:
 385              	.LBE99:
 386              		.loc 1 55 5 is_stmt 1 view .LVU111
 387              		.loc 1 55 18 is_stmt 0 view .LVU112
 388 00a2 FFF7FEFF 		bl	_ZN5daisy9DaisySeed10StartAudioEPFvPKfPfjE
 389              	.LVL25:
 390              	.L18:
  56:oscillator.cpp **** 
  57:oscillator.cpp **** 
  58:oscillator.cpp ****     while(1) {
 391              		.loc 1 58 5 is_stmt 1 view .LVU113
  59:oscillator.cpp ****         osc.SetAmp(hw.adc.GetFloat(0));
 392              		.loc 1 59 9 view .LVU114
 393              		.loc 1 59 19 is_stmt 0 view .LVU115
 394 00a6 0021     		movs	r1, #0
 395 00a8 0948     		ldr	r0, .L20+12
 396 00aa FFF7FEFF 		bl	_ZNK5daisy9AdcHandle8GetFloatEh
 397              	.LVL26:
 398              	.LBB100:
 399              	.LBI100:
  76:../DaisySP/Source/Synthesis/oscillator.h ****     /** Sets the waveform to be synthesized by the Process() function.
 400              		.loc 2 76 17 is_stmt 1 view .LVU116
 401              	.LBB101:
  76:../DaisySP/Source/Synthesis/oscillator.h ****     /** Sets the waveform to be synthesized by the Process() function.
 402              		.loc 2 76 41 view .LVU117
 403              	.LBE101:
 404              	.LBE100:
  60:oscillator.cpp ****         hw.ChangeAudioCallback(AudioCallback);
 405              		.loc 1 60 31 is_stmt 0 view .LVU118
 406 00ae 0B49     		ldr	r1, .L20+24
 407 00b0 0448     		ldr	r0, .L20
 408              	.LBB103:
 409              	.LBB102:
  76:../DaisySP/Source/Synthesis/oscillator.h ****     /** Sets the waveform to be synthesized by the Process() function.
 410              		.loc 2 76 46 view .LVU119
 411 00b2 84ED010A 		vstr.32	s0, [r4, #4]
 412              	.LVL27:
  76:../DaisySP/Source/Synthesis/oscillator.h ****     /** Sets the waveform to be synthesized by the Process() function.
 413              		.loc 2 76 46 view .LVU120
 414              	.LBE102:
ARM GAS  /tmp/ccZM8ZH5.s 			page 18


 415              	.LBE103:
 416              		.loc 1 60 9 is_stmt 1 view .LVU121
 417              		.loc 1 60 31 is_stmt 0 view .LVU122
 418 00b6 FFF7FEFF 		bl	_ZN5daisy9DaisySeed19ChangeAudioCallbackEPFvPKfPfjE
 419              	.LVL28:
  61:oscillator.cpp ****         System::Delay(1);
 420              		.loc 1 61 9 is_stmt 1 discriminator 1 view .LVU123
 421              		.loc 1 61 22 is_stmt 0 discriminator 1 view .LVU124
 422 00ba 0120     		movs	r0, #1
 423 00bc FFF7FEFF 		bl	_ZN5daisy6System5DelayEm
 424              	.LVL29:
  58:oscillator.cpp ****         osc.SetAmp(hw.adc.GetFloat(0));
 425              		.loc 1 58 5 is_stmt 1 view .LVU125
 426 00c0 F1E7     		b	.L18
 427              	.L21:
 428 00c2 00BF     		.align	2
 429              	.L20:
 430 00c4 00000000 		.word	_ZL2hw
 431 00c8 00000000 		.word	_ZL3osc
 432 00cc 0000C842 		.word	1120403456
 433 00d0 18000000 		.word	_ZL2hw+24
 434 00d4 0000DC43 		.word	1138491392
 435 00d8 CDCCCC3D 		.word	1036831949
 436 00dc 00000000 		.word	_ZL13AudioCallbackPKfPfj
 437              		.cfi_endproc
 438              	.LFE4670:
 440              		.section	.text.startup._GLOBAL__sub_I_main,"ax",%progbits
 441              		.align	1
 442              		.p2align 2,,3
 443              		.syntax unified
 444              		.thumb
 445              		.thumb_func
 447              	_GLOBAL__sub_I_main:
 448              	.LFB5256:
  62:oscillator.cpp ****     }
  63:oscillator.cpp **** }
 449              		.loc 1 63 1 view -0
 450              		.cfi_startproc
 451              		@ args = 0, pretend = 0, frame = 0
 452              		@ frame_needed = 0, uses_anonymous_args = 0
 453              	.LBB127:
 454              	.LBI127:
 455              		.loc 1 63 1 view .LVU127
 456              	.LVL30:
 457              	.LBB128:
 458              	.LBB129:
 459              	.LBI129:
  21:../libDaisy/src/daisy_seed.h ****     ~DaisySeed() {}
 460              		.loc 3 21 5 view .LVU128
 461              	.LBB130:
 462              	.LBB131:
 463              	.LBI131:
 464              		.file 8 "../libDaisy/src/per/qspi.h"
   1:../libDaisy/src/per/qspi.h **** #ifndef DSY_QSPI
   2:../libDaisy/src/per/qspi.h **** #define DSY_QSPI /**< Macro */
   3:../libDaisy/src/per/qspi.h **** 
   4:../libDaisy/src/per/qspi.h **** #ifndef UNIT_TEST // for unit tests, a dummy implementation
ARM GAS  /tmp/ccZM8ZH5.s 			page 19


   5:../libDaisy/src/per/qspi.h **** 
   6:../libDaisy/src/per/qspi.h **** #include <cstdint>
   7:../libDaisy/src/per/qspi.h **** #include "daisy_core.h" // Added for dsy_gpio_pin typedef
   8:../libDaisy/src/per/qspi.h **** 
   9:../libDaisy/src/per/qspi.h **** #define DSY_QSPI_TEXT       \
  10:../libDaisy/src/per/qspi.h ****     __attribute__((section( \
  11:../libDaisy/src/per/qspi.h ****         ".qspiflash_text"))) /**< used for reading memory in memory_mapped mode. */
  12:../libDaisy/src/per/qspi.h **** #define DSY_QSPI_DATA       \
  13:../libDaisy/src/per/qspi.h ****     __attribute__((section( \
  14:../libDaisy/src/per/qspi.h ****         ".qspiflash_data"))) /**< used for reading memory in memory_mapped mode. */
  15:../libDaisy/src/per/qspi.h **** #define DSY_QSPI_BSS        \
  16:../libDaisy/src/per/qspi.h ****     __attribute__((section( \
  17:../libDaisy/src/per/qspi.h ****         ".qspiflash_bss"))) /**< used for reading memory in memory_mapped mode. */
  18:../libDaisy/src/per/qspi.h **** 
  19:../libDaisy/src/per/qspi.h **** namespace daisy
  20:../libDaisy/src/per/qspi.h **** {
  21:../libDaisy/src/per/qspi.h **** /** @addtogroup serial
  22:../libDaisy/src/per/qspi.h **** @{
  23:../libDaisy/src/per/qspi.h **** */
  24:../libDaisy/src/per/qspi.h **** 
  25:../libDaisy/src/per/qspi.h **** /** 
  26:../libDaisy/src/per/qspi.h ****  Driver for QSPI peripheral to interface with external flash memory. \n 
  27:../libDaisy/src/per/qspi.h ****     Currently supported QSPI Devices: \n 
  28:../libDaisy/src/per/qspi.h ****     * IS25LP080D
  29:../libDaisy/src/per/qspi.h **** */
  30:../libDaisy/src/per/qspi.h **** class QSPIHandle
  31:../libDaisy/src/per/qspi.h **** {
  32:../libDaisy/src/per/qspi.h ****   public:
  33:../libDaisy/src/per/qspi.h ****     enum Result
  34:../libDaisy/src/per/qspi.h ****     {
  35:../libDaisy/src/per/qspi.h ****         OK = 0,
  36:../libDaisy/src/per/qspi.h ****         ERR
  37:../libDaisy/src/per/qspi.h ****     };
  38:../libDaisy/src/per/qspi.h **** 
  39:../libDaisy/src/per/qspi.h ****     /** Indicates the current status of the module. 
  40:../libDaisy/src/per/qspi.h ****          *  Warnings are indicated by a leading W.
  41:../libDaisy/src/per/qspi.h ****          *  Errors are indicated by a leading E and cause an immediate exit.
  42:../libDaisy/src/per/qspi.h ****          * 
  43:../libDaisy/src/per/qspi.h ****          *  \param GOOD - No errors have been reported.
  44:../libDaisy/src/per/qspi.h ****          *  \param E_HAL_ERROR - HAL code did not return HAL_OK.
  45:../libDaisy/src/per/qspi.h ****          *  \param E_SWITCHING_MODES - An error was encountered while switching QSPI peripheral mod
  46:../libDaisy/src/per/qspi.h ****          *  \param E_INVALID_MODE - QSPI should not be written to while the program is executing fr
  47:../libDaisy/src/per/qspi.h ****          */
  48:../libDaisy/src/per/qspi.h ****     enum Status
  49:../libDaisy/src/per/qspi.h ****     {
  50:../libDaisy/src/per/qspi.h ****         GOOD = 0,
  51:../libDaisy/src/per/qspi.h ****         E_HAL_ERROR,
  52:../libDaisy/src/per/qspi.h ****         E_SWITCHING_MODES,
  53:../libDaisy/src/per/qspi.h ****         E_INVALID_MODE,
  54:../libDaisy/src/per/qspi.h ****     };
  55:../libDaisy/src/per/qspi.h **** 
  56:../libDaisy/src/per/qspi.h ****     /** Configuration structure for interfacing with QSPI Driver */
  57:../libDaisy/src/per/qspi.h ****     struct Config
  58:../libDaisy/src/per/qspi.h ****     {
  59:../libDaisy/src/per/qspi.h ****         /** Flash Devices supported. (Both of these are more-or-less the same, just different sizes
  60:../libDaisy/src/per/qspi.h ****         enum Device
  61:../libDaisy/src/per/qspi.h ****         {
ARM GAS  /tmp/ccZM8ZH5.s 			page 20


  62:../libDaisy/src/per/qspi.h ****             IS25LP080D,  /**< & */
  63:../libDaisy/src/per/qspi.h ****             IS25LP064A,  /**< & */
  64:../libDaisy/src/per/qspi.h ****             DEVICE_LAST, /**< & */
  65:../libDaisy/src/per/qspi.h ****         };
  66:../libDaisy/src/per/qspi.h **** 
  67:../libDaisy/src/per/qspi.h ****         /** 
  68:../libDaisy/src/per/qspi.h ****         Modes of operation.
  69:../libDaisy/src/per/qspi.h ****         Memory Mapped mode: QSPI configured so that the QSPI can be
  70:../libDaisy/src/per/qspi.h ****         read from starting address 0x90000000. Writing is not
  71:../libDaisy/src/per/qspi.h ****         possible in this mode. \n 
  72:../libDaisy/src/per/qspi.h ****         Indirect Polling mode: Device driver enabled. 
  73:../libDaisy/src/per/qspi.h ****         */
  74:../libDaisy/src/per/qspi.h ****         enum Mode
  75:../libDaisy/src/per/qspi.h ****         {
  76:../libDaisy/src/per/qspi.h ****             MEMORY_MAPPED,    /**< & */
  77:../libDaisy/src/per/qspi.h ****             INDIRECT_POLLING, /**< & */
  78:../libDaisy/src/per/qspi.h ****             MODE_LAST,
  79:../libDaisy/src/per/qspi.h ****         };
  80:../libDaisy/src/per/qspi.h **** 
  81:../libDaisy/src/per/qspi.h ****         //SCK,  CE# (active low)
  82:../libDaisy/src/per/qspi.h ****         struct
  83:../libDaisy/src/per/qspi.h ****         {
  84:../libDaisy/src/per/qspi.h ****             dsy_gpio_pin io0; /**< & */
  85:../libDaisy/src/per/qspi.h ****             dsy_gpio_pin io1; /**< & */
  86:../libDaisy/src/per/qspi.h ****             dsy_gpio_pin io2; /**< & */
  87:../libDaisy/src/per/qspi.h ****             dsy_gpio_pin io3; /**< & */
  88:../libDaisy/src/per/qspi.h ****             dsy_gpio_pin clk; /**< & */
  89:../libDaisy/src/per/qspi.h ****             dsy_gpio_pin ncs; /**< & */
  90:../libDaisy/src/per/qspi.h ****         } pin_config;
  91:../libDaisy/src/per/qspi.h **** 
  92:../libDaisy/src/per/qspi.h ****         Device device;
  93:../libDaisy/src/per/qspi.h ****         Mode   mode;
  94:../libDaisy/src/per/qspi.h ****     };
  95:../libDaisy/src/per/qspi.h **** 
  96:../libDaisy/src/per/qspi.h ****     /** 
  97:../libDaisy/src/per/qspi.h ****         Initializes QSPI peripheral, and Resets, and prepares memory for access.
  98:../libDaisy/src/per/qspi.h ****         \param config should be populated with the mode, device and pin_config before calling this 
  99:../libDaisy/src/per/qspi.h ****         \return Result::OK or Result::ERR
 100:../libDaisy/src/per/qspi.h ****         */
 101:../libDaisy/src/per/qspi.h ****     Result Init(const Config& config);
 102:../libDaisy/src/per/qspi.h **** 
 103:../libDaisy/src/per/qspi.h ****     /** Returns the current config. */
 104:../libDaisy/src/per/qspi.h ****     const Config& GetConfig() const;
 105:../libDaisy/src/per/qspi.h **** 
 106:../libDaisy/src/per/qspi.h ****     // Couldn't this just be called before anything else in init? That
 107:../libDaisy/src/per/qspi.h ****     // would make manually calling it unnecessary.
 108:../libDaisy/src/per/qspi.h ****     /** 
 109:../libDaisy/src/per/qspi.h ****         Deinitializes the peripheral
 110:../libDaisy/src/per/qspi.h ****         This should be called before reinitializing QSPI in a different mode.
 111:../libDaisy/src/per/qspi.h ****         \return Result::OK or Result::ERR
 112:../libDaisy/src/per/qspi.h ****         */
 113:../libDaisy/src/per/qspi.h ****     Result DeInit();
 114:../libDaisy/src/per/qspi.h **** 
 115:../libDaisy/src/per/qspi.h ****     /** 
 116:../libDaisy/src/per/qspi.h ****         Writes a single page to to the specified address on the QSPI chip.
 117:../libDaisy/src/per/qspi.h ****         For IS25LP*, page size is 256 bytes.
 118:../libDaisy/src/per/qspi.h ****         \param address Address to write to
ARM GAS  /tmp/ccZM8ZH5.s 			page 21


 119:../libDaisy/src/per/qspi.h ****         \param size Buffer size
 120:../libDaisy/src/per/qspi.h ****         \param buffer Buffer to write
 121:../libDaisy/src/per/qspi.h ****         \return Result::OK or Result::ERR
 122:../libDaisy/src/per/qspi.h ****         */
 123:../libDaisy/src/per/qspi.h ****     Result WritePage(uint32_t address, uint32_t size, uint8_t* buffer);
 124:../libDaisy/src/per/qspi.h **** 
 125:../libDaisy/src/per/qspi.h ****     /** 
 126:../libDaisy/src/per/qspi.h ****         Writes data in buffer to to the QSPI. Starting at address to address+size 
 127:../libDaisy/src/per/qspi.h ****         \param address Address to write to
 128:../libDaisy/src/per/qspi.h ****         \param size Buffer size
 129:../libDaisy/src/per/qspi.h ****         \param buffer Buffer to write
 130:../libDaisy/src/per/qspi.h ****         \return Result::OK or Result::ERR
 131:../libDaisy/src/per/qspi.h ****         */
 132:../libDaisy/src/per/qspi.h ****     Result Write(uint32_t address, uint32_t size, uint8_t* buffer);
 133:../libDaisy/src/per/qspi.h **** 
 134:../libDaisy/src/per/qspi.h ****     /** 
 135:../libDaisy/src/per/qspi.h ****         Erases the area specified on the chip.
 136:../libDaisy/src/per/qspi.h ****         Erasures will happen by 4K, 32K or 64K increments.
 137:../libDaisy/src/per/qspi.h ****         Smallest erase possible is 4kB at a time. (on IS25LP*)
 138:../libDaisy/src/per/qspi.h ****         \param start_addr Address to begin erasing from
 139:../libDaisy/src/per/qspi.h ****         \param end_addr  Address to stop erasing at
 140:../libDaisy/src/per/qspi.h ****         \return Result::OK or Result::ERR
 141:../libDaisy/src/per/qspi.h ****         */
 142:../libDaisy/src/per/qspi.h ****     Result Erase(uint32_t start_addr, uint32_t end_addr);
 143:../libDaisy/src/per/qspi.h **** 
 144:../libDaisy/src/per/qspi.h ****     /**  
 145:../libDaisy/src/per/qspi.h ****          Erases a single sector of the chip.  
 146:../libDaisy/src/per/qspi.h ****         TODO: Document the size of this function. 
 147:../libDaisy/src/per/qspi.h ****         \param address Address of sector to erase
 148:../libDaisy/src/per/qspi.h ****         \return Result::OK or Result::ERR
 149:../libDaisy/src/per/qspi.h ****         */
 150:../libDaisy/src/per/qspi.h ****     Result EraseSector(uint32_t address);
 151:../libDaisy/src/per/qspi.h **** 
 152:../libDaisy/src/per/qspi.h ****     /** Returns the current class status. Useful for debugging.
 153:../libDaisy/src/per/qspi.h ****      *  \returns Status
 154:../libDaisy/src/per/qspi.h ****      */
 155:../libDaisy/src/per/qspi.h ****     Status GetStatus();
 156:../libDaisy/src/per/qspi.h **** 
 157:../libDaisy/src/per/qspi.h ****     /** Returns a pointer to the actual memory used 
 158:../libDaisy/src/per/qspi.h ****      *  The memory at this address is read-only
 159:../libDaisy/src/per/qspi.h ****      *  to write to it use the Write function.
 160:../libDaisy/src/per/qspi.h ****      * 
 161:../libDaisy/src/per/qspi.h ****      *  \param offset returns the pointer starting this 
 162:../libDaisy/src/per/qspi.h ****      *                many bytes into the memory
 163:../libDaisy/src/per/qspi.h ****     */
 164:../libDaisy/src/per/qspi.h ****     void* GetData(uint32_t offset = 0);
 165:../libDaisy/src/per/qspi.h **** 
 166:../libDaisy/src/per/qspi.h ****     QSPIHandle() : pimpl_(nullptr) {}
 465              		.loc 8 166 5 view .LVU129
 466              	.LBE131:
 467              	.LBE130:
 468              	.LBE129:
 469              	.LBE128:
 470              	.LBE127:
 471              		.loc 1 63 1 is_stmt 0 view .LVU130
 472 0000 10B5     		push	{r4, lr}
 473              		.cfi_def_cfa_offset 8
ARM GAS  /tmp/ccZM8ZH5.s 			page 22


 474              		.cfi_offset 4, -8
 475              		.cfi_offset 14, -4
 476              	.LBB157:
 477              	.LBB155:
   7:oscillator.cpp **** static Oscillator osc;
 478              		.loc 1 7 19 discriminator 1 view .LVU131
 479 0002 094C     		ldr	r4, .L24
 480              	.LBB152:
 481              	.LBB150:
 482              	.LBB136:
 483              	.LBB132:
 484              	.LBB133:
 485              		.loc 8 166 20 view .LVU132
 486 0004 0023     		movs	r3, #0
 487 0006 0948     		ldr	r0, .L24+4
 488              	.LBE133:
 489              	.LBE132:
 490              	.LBE136:
 491              	.LBE150:
 492              	.LBE152:
   7:oscillator.cpp **** static Oscillator osc;
 493              		.loc 1 7 19 discriminator 1 view .LVU133
 494 0008 2246     		mov	r2, r4
 495 000a 0949     		ldr	r1, .L24+8
 496              	.LBB153:
 497              	.LBB151:
 498              	.LBB137:
 499              	.LBB135:
 500              	.LBB134:
 501              		.loc 8 166 20 view .LVU134
 502 000c 0360     		str	r3, [r0]
 503              	.LVL31:
 504              		.loc 8 166 20 view .LVU135
 505              	.LBE134:
 506              	.LBE135:
 507              	.LBE137:
 508              	.LBB138:
 509              	.LBI138:
  95:../libDaisy/src/hid/audio.h ****     ~AudioHandle() {}
 510              		.loc 7 95 5 is_stmt 1 view .LVU136
 511              	.LBB139:
 512              	.LBB140:
  95:../libDaisy/src/hid/audio.h ****     ~AudioHandle() {}
 513              		.loc 7 95 21 is_stmt 0 view .LVU137
 514 000e 4361     		str	r3, [r0, #20]
 515              	.LVL32:
  95:../libDaisy/src/hid/audio.h ****     ~AudioHandle() {}
 516              		.loc 7 95 21 view .LVU138
 517              	.LBE140:
 518              	.LBE139:
 519              	.LBE138:
 520              	.LBB141:
 521              	.LBI141:
 109:../libDaisy/src/per/adc.h ****     ~AdcHandle() {}
 522              		.loc 6 109 5 is_stmt 1 view .LVU139
 109:../libDaisy/src/per/adc.h ****     ~AdcHandle() {}
 523              		.loc 6 109 5 is_stmt 0 view .LVU140
ARM GAS  /tmp/ccZM8ZH5.s 			page 23


 524              	.LBE141:
 525              	.LBB142:
 526              	.LBI142:
 527              		.file 9 "../libDaisy/src/per/dac.h"
   1:../libDaisy/src/per/dac.h **** #pragma once
   2:../libDaisy/src/per/dac.h **** #ifndef DSY_DAC_H
   3:../libDaisy/src/per/dac.h **** #define DSY_DAC_H
   4:../libDaisy/src/per/dac.h **** 
   5:../libDaisy/src/per/dac.h **** #include "daisy_core.h"
   6:../libDaisy/src/per/dac.h **** 
   7:../libDaisy/src/per/dac.h **** namespace daisy
   8:../libDaisy/src/per/dac.h **** {
   9:../libDaisy/src/per/dac.h **** /** @brief DAC handle for Built-in DAC Peripheral 
  10:../libDaisy/src/per/dac.h ****  *  @ingroup per_analog
  11:../libDaisy/src/per/dac.h ****  ** 
  12:../libDaisy/src/per/dac.h ****  ** For now only Normal Mode is supported,
  13:../libDaisy/src/per/dac.h ****  ** Sample and hold mode provides reduced power consumption, but requires a bit more setup.
  14:../libDaisy/src/per/dac.h ****  **
  15:../libDaisy/src/per/dac.h ****  ** For now connecting the DAC through other internal peripherals is also not supported.
  16:../libDaisy/src/per/dac.h ****  **
  17:../libDaisy/src/per/dac.h ****  ** Since the DAC channels have dedicated pins we don't need to pass in a pin config like with
  18:../libDaisy/src/per/dac.h ****  ** other modules. However, it is still important to not try to use the DAC pins for anything else.
  19:../libDaisy/src/per/dac.h ****  ** DAC Channel 1 is on PA4, and DAC Channel 2 is on PA5
  20:../libDaisy/src/per/dac.h ****  ***/
  21:../libDaisy/src/per/dac.h **** class DacHandle
  22:../libDaisy/src/per/dac.h **** {
  23:../libDaisy/src/per/dac.h ****   public:
  24:../libDaisy/src/per/dac.h ****     /** Return Values for the DacHandle class */
  25:../libDaisy/src/per/dac.h ****     enum class Result
  26:../libDaisy/src/per/dac.h ****     {
  27:../libDaisy/src/per/dac.h ****         OK,
  28:../libDaisy/src/per/dac.h ****         ERR,
  29:../libDaisy/src/per/dac.h ****     };
  30:../libDaisy/src/per/dac.h **** 
  31:../libDaisy/src/per/dac.h ****     /** Selects which channel(s) will be configured for use. */
  32:../libDaisy/src/per/dac.h ****     enum class Channel
  33:../libDaisy/src/per/dac.h ****     {
  34:../libDaisy/src/per/dac.h ****         ONE,
  35:../libDaisy/src/per/dac.h ****         TWO,
  36:../libDaisy/src/per/dac.h ****         BOTH,
  37:../libDaisy/src/per/dac.h ****     };
  38:../libDaisy/src/per/dac.h **** 
  39:../libDaisy/src/per/dac.h ****     /** Sets the Mode for the DAC channels.
  40:../libDaisy/src/per/dac.h ****      **
  41:../libDaisy/src/per/dac.h ****      ** Polling mode uses the blocking mode to transmit a single value at a time.
  42:../libDaisy/src/per/dac.h ****      **
  43:../libDaisy/src/per/dac.h ****      ** DMA mode uses a buffer, and periodically transmits it triggering a 
  44:../libDaisy/src/per/dac.h ****      ** callback to fill the buffer when it is ready for more samples.
  45:../libDaisy/src/per/dac.h ****      ***/
  46:../libDaisy/src/per/dac.h ****     enum class Mode
  47:../libDaisy/src/per/dac.h ****     {
  48:../libDaisy/src/per/dac.h ****         POLLING,
  49:../libDaisy/src/per/dac.h ****         DMA,
  50:../libDaisy/src/per/dac.h ****     };
  51:../libDaisy/src/per/dac.h **** 
  52:../libDaisy/src/per/dac.h ****     /** Sets the number of bits per sample transmitted out of the DAC.
  53:../libDaisy/src/per/dac.h ****      ** The output range will be: 0V - VDDA
ARM GAS  /tmp/ccZM8ZH5.s 			page 24


  54:../libDaisy/src/per/dac.h ****      ** The resolution will be roughly: bitdepth / (VDDA - 0V) 
  55:../libDaisy/src/per/dac.h ****      ***/
  56:../libDaisy/src/per/dac.h ****     enum class BitDepth
  57:../libDaisy/src/per/dac.h ****     {
  58:../libDaisy/src/per/dac.h ****         BITS_8,
  59:../libDaisy/src/per/dac.h ****         BITS_12
  60:../libDaisy/src/per/dac.h ****     };
  61:../libDaisy/src/per/dac.h **** 
  62:../libDaisy/src/per/dac.h ****     /** Sets whether the DAC output is buffered for higher drive ability. */
  63:../libDaisy/src/per/dac.h ****     enum class BufferState
  64:../libDaisy/src/per/dac.h ****     {
  65:../libDaisy/src/per/dac.h ****         ENABLED,
  66:../libDaisy/src/per/dac.h ****         DISABLED,
  67:../libDaisy/src/per/dac.h ****     };
  68:../libDaisy/src/per/dac.h **** 
  69:../libDaisy/src/per/dac.h ****     /** Configuration structure for initializing the DAC structure. */
  70:../libDaisy/src/per/dac.h ****     struct Config
  71:../libDaisy/src/per/dac.h ****     {
  72:../libDaisy/src/per/dac.h ****         /** Target Samplerate in Hz used to configure the internal 
  73:../libDaisy/src/per/dac.h ****          ** timebase for DMA mode. Does nothing in POLLING mode.
  74:../libDaisy/src/per/dac.h ****          ** If the value is 0 at Init time this will default to 48000Hz 
  75:../libDaisy/src/per/dac.h ****          ** otherwise the driver will attempt meet the target.*/
  76:../libDaisy/src/per/dac.h ****         uint32_t target_samplerate;
  77:../libDaisy/src/per/dac.h **** 
  78:../libDaisy/src/per/dac.h ****         Channel     chn;
  79:../libDaisy/src/per/dac.h ****         Mode        mode;
  80:../libDaisy/src/per/dac.h ****         BitDepth    bitdepth;
  81:../libDaisy/src/per/dac.h ****         BufferState buff_state;
  82:../libDaisy/src/per/dac.h ****     };
  83:../libDaisy/src/per/dac.h **** 
  84:../libDaisy/src/per/dac.h ****     DacHandle() : pimpl_(nullptr) {}
 528              		.loc 9 84 5 is_stmt 1 view .LVU141
 529              	.LBB143:
 530              	.LBB144:
 531              		.loc 9 84 19 is_stmt 0 view .LVU142
 532 0010 0362     		str	r3, [r0, #32]
 533              	.LVL33:
 534              		.loc 9 84 19 view .LVU143
 535              	.LBE144:
 536              	.LBE143:
 537              	.LBE142:
 538              	.LBB145:
 539              	.LBI145:
  40:../libDaisy/src/hid/usb.h **** 
 540              		.loc 5 40 5 is_stmt 1 view .LVU144
  40:../libDaisy/src/hid/usb.h **** 
 541              		.loc 5 40 5 is_stmt 0 view .LVU145
 542              	.LBE145:
 543              	.LBB146:
 544              	.LBI146:
  96:../libDaisy/src/sys/system.h ****     ~System() {}
 545              		.loc 4 96 5 is_stmt 1 view .LVU146
  96:../libDaisy/src/sys/system.h ****     ~System() {}
 546              		.loc 4 96 5 is_stmt 0 view .LVU147
 547              	.LBE146:
 548              	.LBB147:
 549              	.LBI147:
ARM GAS  /tmp/ccZM8ZH5.s 			page 25


 550              		.file 10 "../libDaisy/src/per/sai.h"
   1:../libDaisy/src/per/sai.h **** #pragma once
   2:../libDaisy/src/per/sai.h **** #ifndef DSY_SAI_H
   3:../libDaisy/src/per/sai.h **** #define DSY_SAI_H
   4:../libDaisy/src/per/sai.h **** 
   5:../libDaisy/src/per/sai.h **** #include "daisy_core.h"
   6:../libDaisy/src/per/sai.h **** 
   7:../libDaisy/src/per/sai.h **** namespace daisy
   8:../libDaisy/src/per/sai.h **** {
   9:../libDaisy/src/per/sai.h **** /** 
  10:../libDaisy/src/per/sai.h ****  * Support for I2S Audio Protocol with different bit-depth, samplerate options
  11:../libDaisy/src/per/sai.h ****  * Allows for master or slave, as well as freedom of selecting direction, 
  12:../libDaisy/src/per/sai.h ****  * and other behavior for each peripheral, and block.
  13:../libDaisy/src/per/sai.h ****  * 
  14:../libDaisy/src/per/sai.h ****  * DMA Transfer commands must use buffers located within non-cached memory or use cache maintenance
  15:../libDaisy/src/per/sai.h ****  * To declare an unitialized global element in the DMA memory section:
  16:../libDaisy/src/per/sai.h ****  *    int32_t DSY_DMA_BUFFER_SECTOR my_buffer[96];
  17:../libDaisy/src/per/sai.h ****  *
  18:../libDaisy/src/per/sai.h ****  * Callback functions will be called once per half of the buffer. In the above example, 
  19:../libDaisy/src/per/sai.h ****  * the callback function would be called once for every 48 samples.
  20:../libDaisy/src/per/sai.h ****  * 
  21:../libDaisy/src/per/sai.h ****  * Use SAI Handle like this:
  22:../libDaisy/src/per/sai.h ****  * 
  23:../libDaisy/src/per/sai.h ****  *  SaiHandle::Config sai_config;
  24:../libDaisy/src/per/sai.h ****  *  sai_config.periph          = SaiHandle::Config::Peripheral::SAI_1;
  25:../libDaisy/src/per/sai.h ****  *  sai_config.sr              = SaiHandle::Config::SampleRate::SAI_48KHZ;
  26:../libDaisy/src/per/sai.h ****  *  sai_config.bit_depth       = SaiHandle::Config::BitDepth::SAI_24BIT;
  27:../libDaisy/src/per/sai.h ****  *  sai_config.a_sync          = SaiHandle::Config::Sync::MASTER;
  28:../libDaisy/src/per/sai.h ****  *  sai_config.b_sync          = SaiHandle::Config::Sync::SLAVE;
  29:../libDaisy/src/per/sai.h ****  *  sai_config.a_dir           = SaiHandle::Config::Direction::RECEIVE;
  30:../libDaisy/src/per/sai.h ****  *  sai_config.b_dir           = SaiHandle::Config::Direction::TRANSMIT;
  31:../libDaisy/src/per/sai.h ****  *  sai_config.pin_config.fs   = {DSY_GPIOE, 4};
  32:../libDaisy/src/per/sai.h ****  *  sai_config.pin_config.mclk = {DSY_GPIOE, 2};
  33:../libDaisy/src/per/sai.h ****  *  sai_config.pin_config.sck  = {DSY_GPIOE, 5};
  34:../libDaisy/src/per/sai.h ****  *  sai_config.pin_config.sa   = {DSY_GPIOE, 6};
  35:../libDaisy/src/per/sai.h ****  *  sai_config.pin_config.sb   = {DSY_GPIOE, 3};
  36:../libDaisy/src/per/sai.h ****  *  // Then Initialize
  37:../libDaisy/src/per/sai.h ****  *  SaiHandle sai;
  38:../libDaisy/src/per/sai.h ****  *  sai.Init(sai_config);
  39:../libDaisy/src/per/sai.h ****  *  // Now you can use it:
  40:../libDaisy/src/per/sai.h ****  *  sai.StartDma(. . .);
  41:../libDaisy/src/per/sai.h ****  */
  42:../libDaisy/src/per/sai.h **** class SaiHandle
  43:../libDaisy/src/per/sai.h **** {
  44:../libDaisy/src/per/sai.h ****   public:
  45:../libDaisy/src/per/sai.h ****     /** Contains settings for initialising an SAI Interface */
  46:../libDaisy/src/per/sai.h ****     struct Config
  47:../libDaisy/src/per/sai.h ****     {
  48:../libDaisy/src/per/sai.h ****         /** Specifies the internal peripheral to use (mapped to different hardware pins) */
  49:../libDaisy/src/per/sai.h ****         enum class Peripheral
  50:../libDaisy/src/per/sai.h ****         {
  51:../libDaisy/src/per/sai.h ****             SAI_1,
  52:../libDaisy/src/per/sai.h ****             SAI_2,
  53:../libDaisy/src/per/sai.h ****         };
  54:../libDaisy/src/per/sai.h **** 
  55:../libDaisy/src/per/sai.h ****         /** Rate at which samples will be streaming to/from the device. */
  56:../libDaisy/src/per/sai.h ****         enum class SampleRate
ARM GAS  /tmp/ccZM8ZH5.s 			page 26


  57:../libDaisy/src/per/sai.h ****         {
  58:../libDaisy/src/per/sai.h ****             SAI_8KHZ,
  59:../libDaisy/src/per/sai.h ****             SAI_16KHZ,
  60:../libDaisy/src/per/sai.h ****             SAI_32KHZ,
  61:../libDaisy/src/per/sai.h ****             SAI_48KHZ,
  62:../libDaisy/src/per/sai.h ****             SAI_96KHZ,
  63:../libDaisy/src/per/sai.h ****         };
  64:../libDaisy/src/per/sai.h **** 
  65:../libDaisy/src/per/sai.h ****         /** Bit Depth that the hardware expects to be transferred to/from the device. */
  66:../libDaisy/src/per/sai.h ****         enum class BitDepth
  67:../libDaisy/src/per/sai.h ****         {
  68:../libDaisy/src/per/sai.h ****             SAI_16BIT,
  69:../libDaisy/src/per/sai.h ****             SAI_24BIT,
  70:../libDaisy/src/per/sai.h ****             SAI_32BIT,
  71:../libDaisy/src/per/sai.h ****         };
  72:../libDaisy/src/per/sai.h **** 
  73:../libDaisy/src/per/sai.h ****         /** Specifies whether a particular block is the master or the slave 
  74:../libDaisy/src/per/sai.h ****          ** If both are set to slave, no MCLK signal will be used, and it is
  75:../libDaisy/src/per/sai.h ****          ** expected that the codec will have its own xtal.
  76:../libDaisy/src/per/sai.h ****          */
  77:../libDaisy/src/per/sai.h ****         enum class Sync
  78:../libDaisy/src/per/sai.h ****         {
  79:../libDaisy/src/per/sai.h ****             MASTER,
  80:../libDaisy/src/per/sai.h ****             SLAVE,
  81:../libDaisy/src/per/sai.h ****         };
  82:../libDaisy/src/per/sai.h **** 
  83:../libDaisy/src/per/sai.h ****         /** Specifies the direction for each peripheral block. */
  84:../libDaisy/src/per/sai.h ****         enum class Direction
  85:../libDaisy/src/per/sai.h ****         {
  86:../libDaisy/src/per/sai.h ****             TRANSMIT,
  87:../libDaisy/src/per/sai.h ****             RECEIVE,
  88:../libDaisy/src/per/sai.h ****         };
  89:../libDaisy/src/per/sai.h **** 
  90:../libDaisy/src/per/sai.h ****         Peripheral periph;
  91:../libDaisy/src/per/sai.h ****         struct
  92:../libDaisy/src/per/sai.h ****         {
  93:../libDaisy/src/per/sai.h ****             dsy_gpio_pin mclk, fs, sck, sa, sb;
  94:../libDaisy/src/per/sai.h ****         } pin_config;
  95:../libDaisy/src/per/sai.h ****         SampleRate sr;
  96:../libDaisy/src/per/sai.h ****         BitDepth   bit_depth;
  97:../libDaisy/src/per/sai.h ****         Sync       a_sync, b_sync;
  98:../libDaisy/src/per/sai.h ****         Direction  a_dir, b_dir;
  99:../libDaisy/src/per/sai.h ****     };
 100:../libDaisy/src/per/sai.h **** 
 101:../libDaisy/src/per/sai.h ****     /** Return values for SAI functions */
 102:../libDaisy/src/per/sai.h ****     enum class Result
 103:../libDaisy/src/per/sai.h ****     {
 104:../libDaisy/src/per/sai.h ****         OK,
 105:../libDaisy/src/per/sai.h ****         ERR,
 106:../libDaisy/src/per/sai.h ****     };
 107:../libDaisy/src/per/sai.h **** 
 108:../libDaisy/src/per/sai.h ****     SaiHandle() : pimpl_(nullptr) {}
 551              		.loc 10 108 5 is_stmt 1 view .LVU148
 552              	.LBB148:
 553              	.LBB149:
 554              		.loc 10 108 19 is_stmt 0 view .LVU149
 555 0012 C363     		str	r3, [r0, #60]
ARM GAS  /tmp/ccZM8ZH5.s 			page 27


 556              	.LVL34:
 557              		.loc 10 108 19 view .LVU150
 558              	.LBE149:
 559              	.LBE148:
 560              	.LBE147:
 561              	.LBE151:
 562              	.LBE153:
   7:oscillator.cpp **** static Oscillator osc;
 563              		.loc 1 7 19 discriminator 1 view .LVU151
 564 0014 FFF7FEFF 		bl	__aeabi_atexit
 565              	.LVL35:
 566              	.LBB154:
 567              	.LBI154:
  23:../DaisySP/Source/Synthesis/oscillator.h ****     ~Oscillator() {}
 568              		.loc 2 23 5 is_stmt 1 view .LVU152
  23:../DaisySP/Source/Synthesis/oscillator.h ****     ~Oscillator() {}
 569              		.loc 2 23 5 is_stmt 0 view .LVU153
 570              	.LBE154:
   8:oscillator.cpp **** 
 571              		.loc 1 8 19 discriminator 1 view .LVU154
 572 0018 2246     		mov	r2, r4
 573 001a 0649     		ldr	r1, .L24+12
 574 001c 0648     		ldr	r0, .L24+16
 575              	.LBE155:
 576              	.LBE157:
 577              		.loc 1 63 1 view .LVU155
 578 001e BDE81040 		pop	{r4, lr}
 579              		.cfi_restore 14
 580              		.cfi_restore 4
 581              		.cfi_def_cfa_offset 0
 582              	.LBB158:
 583              	.LBB156:
   8:oscillator.cpp **** 
 584              		.loc 1 8 19 discriminator 1 view .LVU156
 585 0022 FFF7FEBF 		b	__aeabi_atexit
 586              	.LVL36:
 587              	.L25:
 588 0026 00BF     		.align	2
 589              	.L24:
 590 0028 00000000 		.word	__dso_handle
 591 002c 00000000 		.word	_ZL2hw
 592 0030 00000000 		.word	_ZN5daisy9DaisySeedD1Ev
 593 0034 00000000 		.word	_ZN7daisysp10OscillatorD1Ev
 594 0038 00000000 		.word	_ZL3osc
 595              	.LBE156:
 596              	.LBE158:
 597              		.cfi_endproc
 598              	.LFE5256:
 600              		.section	.init_array,"aw",%init_array
 601              		.align	2
 602 0000 00000000 		.word	_GLOBAL__sub_I_main(target1)
 603              		.section	.bss._ZL3osc,"aw",%nobits
 604              		.align	2
 607              	_ZL3osc:
 608 0000 00000000 		.space	44
 608      00000000 
 608      00000000 
ARM GAS  /tmp/ccZM8ZH5.s 			page 28


 608      00000000 
 608      00000000 
 609              		.section	.bss._ZL2hw,"aw",%nobits
 610              		.align	2
 613              	_ZL2hw:
 614 0000 00000000 		.space	64
 614      00000000 
 614      00000000 
 614      00000000 
 614      00000000 
 615              		.text
 616              	.Letext0:
 617              		.file 11 "/usr/lib/gcc/arm-none-eabi/13.2.1/include/stdint.h"
 618              		.file 12 "/usr/lib/gcc/arm-none-eabi/13.2.1/include/stddef.h"
 619              		.file 13 "/usr/include/newlib/c++/13.2.1/cmath"
 620              		.file 14 "/usr/include/newlib/c++/13.2.1/bits/std_abs.h"
 621              		.file 15 "/usr/include/newlib/c++/13.2.1/cstdint"
 622              		.file 16 "/usr/include/newlib/c++/13.2.1/cstdlib"
 623              		.file 17 "/usr/include/newlib/c++/13.2.1/cwchar"
 624              		.file 18 "/usr/include/newlib/c++/13.2.1/type_traits"
 625              		.file 19 "/usr/include/newlib/c++/13.2.1/clocale"
 626              		.file 20 "/usr/include/newlib/c++/13.2.1/debug/debug.h"
 627              		.file 21 "/usr/include/newlib/c++/13.2.1/cstdio"
 628              		.file 22 "/usr/include/newlib/c++/13.2.1/bits/stl_pair.h"
 629              		.file 23 "/usr/include/newlib/c++/13.2.1/bits/charconv.h"
 630              		.file 24 "/usr/include/newlib/c++/13.2.1/cstring"
 631              		.file 25 "/usr/include/newlib/c++/13.2.1/cstdarg"
 632              		.file 26 "/usr/include/newlib/c++/13.2.1/arm-none-eabi/thumb/v7e-m+dp/hard/bits/c++config.h"
 633              		.file 27 "/usr/include/newlib/c++/13.2.1/bits/predefined_ops.h"
 634              		.file 28 "/usr/include/newlib/sys/_types.h"
 635              		.file 29 "/usr/include/newlib/sys/reent.h"
 636              		.file 30 "/usr/include/newlib/sys/lock.h"
 637              		.file 31 "/usr/include/newlib/math.h"
 638              		.file 32 "/usr/include/newlib/stdlib.h"
 639              		.file 33 "/usr/include/newlib/c++/13.2.1/math.h"
 640              		.file 34 "../DaisySP/Source/Control/adenv.h"
 641              		.file 35 "../DaisySP/Source/Utility/dsp.h"
 642              		.file 36 "/usr/lib/gcc/arm-none-eabi/13.2.1/include/stdarg.h"
 643              		.file 37 "/usr/include/newlib/wchar.h"
 644              		.file 38 "/usr/include/newlib/locale.h"
 645              		.file 39 "/usr/include/newlib/stdio.h"
 646              		.file 40 "/usr/include/newlib/c++/13.2.1/stdlib.h"
 647              		.file 41 "/usr/include/newlib/string.h"
 648              		.file 42 "../libDaisy/src/daisy_core.h"
 649              		.file 43 "../libDaisy/src/util/wav_format.h"
 650              		.file 44 "../libDaisy/src/dev/max11300.h"
 651              		.file 45 "../libDaisy/src/per/gpio.h"
 652              		.file 46 "../libDaisy/src/dev/sdram.h"
 653              		.file 47 "../libDaisy/src/dev/sr_595.h"
 654              		.file 48 "<built-in>"
ARM GAS  /tmp/ccZM8ZH5.s 			page 29


DEFINED SYMBOLS
                            *ABS*:00000000 oscillator.cpp
     /tmp/ccZM8ZH5.s:20     .text._ZN7daisysp10OscillatorD2Ev:00000000 $t
     /tmp/ccZM8ZH5.s:27     .text._ZN7daisysp10OscillatorD2Ev:00000000 _ZN7daisysp10OscillatorD2Ev
     /tmp/ccZM8ZH5.s:27     .text._ZN7daisysp10OscillatorD2Ev:00000000 _ZN7daisysp10OscillatorD1Ev
     /tmp/ccZM8ZH5.s:44     .text._ZN5daisy9DaisySeedD2Ev:00000000 $t
     /tmp/ccZM8ZH5.s:51     .text._ZN5daisy9DaisySeedD2Ev:00000000 _ZN5daisy9DaisySeedD2Ev
     /tmp/ccZM8ZH5.s:51     .text._ZN5daisy9DaisySeedD2Ev:00000000 _ZN5daisy9DaisySeedD1Ev
     /tmp/ccZM8ZH5.s:92     .text._ZL13AudioCallbackPKfPfj:00000000 $t
     /tmp/ccZM8ZH5.s:98     .text._ZL13AudioCallbackPKfPfj:00000000 _ZL13AudioCallbackPKfPfj
     /tmp/ccZM8ZH5.s:166    .text._ZL13AudioCallbackPKfPfj:00000028 $d
     /tmp/ccZM8ZH5.s:607    .bss._ZL3osc:00000000 _ZL3osc
     /tmp/ccZM8ZH5.s:171    .text.startup.main:00000000 $t
     /tmp/ccZM8ZH5.s:178    .text.startup.main:00000000 main
     /tmp/ccZM8ZH5.s:430    .text.startup.main:000000c4 $d
     /tmp/ccZM8ZH5.s:613    .bss._ZL2hw:00000000 _ZL2hw
     /tmp/ccZM8ZH5.s:441    .text.startup._GLOBAL__sub_I_main:00000000 $t
     /tmp/ccZM8ZH5.s:447    .text.startup._GLOBAL__sub_I_main:00000000 _GLOBAL__sub_I_main
     /tmp/ccZM8ZH5.s:590    .text.startup._GLOBAL__sub_I_main:00000028 $d
     /tmp/ccZM8ZH5.s:601    .init_array:00000000 $d
     /tmp/ccZM8ZH5.s:604    .bss._ZL3osc:00000000 $d
     /tmp/ccZM8ZH5.s:610    .bss._ZL2hw:00000000 $d
                           .group:00000000 _ZN7daisysp10OscillatorD5Ev
                           .group:00000000 _ZN5daisy9DaisySeedD5Ev

UNDEFINED SYMBOLS
_ZN7daisysp10Oscillator7ProcessEv
_ZN5daisy9DaisySeed9ConfigureEv
_ZN5daisy9DaisySeed4InitEb
_ZN5daisy9DaisySeed17SetAudioBlockSizeEj
_ZN5daisy9DaisySeed15AudioSampleRateEv
_ZN7daisysp10Oscillator12CalcPhaseIncEf
_ZN5daisy9DaisySeed6GetPinEh
_ZN5daisy16AdcChannelConfig10InitSingleE12dsy_gpio_pinNS0_15ConversionSpeedE
_ZN5daisy9AdcHandle4InitEPNS_16AdcChannelConfigEjNS0_12OverSamplingE
_ZN5daisy9AdcHandle5StartEv
_ZN5daisy9DaisySeed10StartAudioEPFvPKfPfjE
_ZNK5daisy9AdcHandle8GetFloatEh
_ZN5daisy9DaisySeed19ChangeAudioCallbackEPFvPKfPfjE
_ZN5daisy6System5DelayEm
__aeabi_atexit
__dso_handle
